Archive member included because of file (symbol)

d:/program/eclipse_arm/tools/yagarto-20121222/bin/../lib/gcc/arm-none-eabi/4.7.2/thumb/v6m\libgcc.a(_udivsi3.o)
                              ./src/arinc429.o (__aeabi_uidiv)
d:/program/eclipse_arm/tools/yagarto-20121222/bin/../lib/gcc/arm-none-eabi/4.7.2/thumb/v6m\libgcc.a(_dvmd_tls.o)
                              d:/program/eclipse_arm/tools/yagarto-20121222/bin/../lib/gcc/arm-none-eabi/4.7.2/thumb/v6m\libgcc.a(_udivsi3.o) (__aeabi_idiv0)
d:/program/eclipse_arm/tools/yagarto-20121222/bin/../lib/gcc/arm-none-eabi/4.7.2/thumb/v6m\libgcc.a(_fixunssfsi.o)
                              ./src/capture.o (__aeabi_f2uiz)
d:/program/eclipse_arm/tools/yagarto-20121222/bin/../lib/gcc/arm-none-eabi/4.7.2/thumb/v6m\libgcc.a(divsf3.o)
                              ./src/capture.o (__aeabi_fdiv)
d:/program/eclipse_arm/tools/yagarto-20121222/bin/../lib/gcc/arm-none-eabi/4.7.2/thumb/v6m\libgcc.a(subsf3.o)
                              d:/program/eclipse_arm/tools/yagarto-20121222/bin/../lib/gcc/arm-none-eabi/4.7.2/thumb/v6m\libgcc.a(_fixunssfsi.o) (__aeabi_fsub)
d:/program/eclipse_arm/tools/yagarto-20121222/bin/../lib/gcc/arm-none-eabi/4.7.2/thumb/v6m\libgcc.a(fixsfsi.o)
                              ./src/main.o (__aeabi_f2iz)
d:/program/eclipse_arm/tools/yagarto-20121222/bin/../lib/gcc/arm-none-eabi/4.7.2/thumb/v6m\libgcc.a(floatunsisf.o)
                              ./src/capture.o (__aeabi_ui2f)
d:/program/eclipse_arm/tools/yagarto-20121222/bin/../lib/gcc/arm-none-eabi/4.7.2/thumb/v6m\libgcc.a(_arm_cmpsf2.o)
                              d:/program/eclipse_arm/tools/yagarto-20121222/bin/../lib/gcc/arm-none-eabi/4.7.2/thumb/v6m\libgcc.a(_fixunssfsi.o) (__aeabi_fcmpge)
d:/program/eclipse_arm/tools/yagarto-20121222/bin/../lib/gcc/arm-none-eabi/4.7.2/thumb/v6m\libgcc.a(_clzsi2.o)
                              d:/program/eclipse_arm/tools/yagarto-20121222/bin/../lib/gcc/arm-none-eabi/4.7.2/thumb/v6m\libgcc.a(divsf3.o) (__clzsi2)
d:/program/eclipse_arm/tools/yagarto-20121222/bin/../lib/gcc/arm-none-eabi/4.7.2/thumb/v6m\libgcc.a(eqsf2.o)
                              d:/program/eclipse_arm/tools/yagarto-20121222/bin/../lib/gcc/arm-none-eabi/4.7.2/thumb/v6m\libgcc.a(_arm_cmpsf2.o) (__eqsf2)
d:/program/eclipse_arm/tools/yagarto-20121222/bin/../lib/gcc/arm-none-eabi/4.7.2/thumb/v6m\libgcc.a(gesf2.o)
                              d:/program/eclipse_arm/tools/yagarto-20121222/bin/../lib/gcc/arm-none-eabi/4.7.2/thumb/v6m\libgcc.a(_arm_cmpsf2.o) (__gesf2)
d:/program/eclipse_arm/tools/yagarto-20121222/bin/../lib/gcc/arm-none-eabi/4.7.2/thumb/v6m\libgcc.a(lesf2.o)
                              d:/program/eclipse_arm/tools/yagarto-20121222/bin/../lib/gcc/arm-none-eabi/4.7.2/thumb/v6m\libgcc.a(_arm_cmpsf2.o) (__lesf2)

Allocating common symbols
Common symbol       size              file

USB_DeviceContext   0xc               ./1986BE1T/MDR32F9Qx_StdPeriph_Driver/src/USB_Library/MDR32F9Qx_usb_device.o
KeyNum              0x2               ./Periph/LCDMain.o
StatusInput         0x3               ./src/status.o
PultDataInput       0x8               ./src/timer.o
TimerTimeCount      0x4               ./src/timer.o
TableFraquencyCurrent
                    0x8               ./src/fraquency.o
Status              0x4               ./src/status.o
USB_CurrentSetupPacket
                    0x8               ./1986BE1T/MDR32F9Qx_StdPeriph_Driver/src/USB_Library/MDR32F9Qx_usb_device.o
Temp                0x4               ./Periph/LCDMain.o
bufStr              0x20              ./Periph/LCDMain.o
ADFStateInput       0x4               ./src/state.o
TableSwitchCurrent  0x8               ./src/fraquency.o
ADFStateOutput      0x4               ./src/state.o
USB_EPContext       0xb0              ./1986BE1T/MDR32F9Qx_StdPeriph_Driver/src/USB_Library/MDR32F9Qx_usb_device.o
Flag8us             0x4               ./Periph/LCD.o
TableControlsTimeActive
                    0x30              ./src/controls.o
CurrentMenu         0x4               ./Periph/Menu.o
DisableFlag         0x4               ./Periph/LCD.o

Discarded input sections

 .group         0x00000000        0x8 ./src/adc.o
 .group         0x00000000        0x8 ./src/adc.o
 .group         0x00000000        0x8 ./src/adc.o
 .group         0x00000000        0x8 ./src/adc.o
 .group         0x00000000        0x8 ./src/adc.o
 .group         0x00000000        0x8 ./src/adc.o
 .group         0x00000000        0x8 ./src/adc.o
 .group         0x00000000        0x8 ./src/adc.o
 .group         0x00000000        0x8 ./src/adc.o
 .group         0x00000000        0x8 ./src/adc.o
 .group         0x00000000        0x8 ./src/adc.o
 .group         0x00000000        0x8 ./src/adc.o
 .group         0x00000000        0x8 ./src/adc.o
 .group         0x00000000        0x8 ./src/adc.o
 .text          0x00000000        0x0 ./src/adc.o
 .data          0x00000000        0x0 ./src/adc.o
 .bss           0x00000000        0x0 ./src/adc.o
[...]
Memory Configuration

Name             Origin             Length             Attributes
FLASH            0x00000000         0x00020000         xr
RAM              0x20000000         0x00008000         rw
IRAM             0x20100000         0x00004000         xrw
*default*        0x00000000         0xffffffff

Linker script and memory map

LOAD ./src/adc.o
LOAD ./src/arinc429.o
LOAD ./src/capture.o
LOAD ./src/cfg.o
LOAD ./src/controls.o
LOAD ./src/cpu.o
LOAD ./src/fraquency.o
LOAD ./src/indikator.o
LOAD ./src/iwdg.o
LOAD ./src/main.o
LOAD ./src/memory.o
LOAD ./src/signal.o
LOAD ./src/starts.o
LOAD ./src/state.o
LOAD ./src/status.o
LOAD ./src/timer.o
LOAD ./Periph/Font.o
LOAD ./Periph/Keyboard.o
LOAD ./Periph/LCD.o
LOAD ./Periph/LCDMain.o
LOAD ./Periph/LCD_b.o
LOAD ./Periph/LCDcfg.o
LOAD ./Periph/Menu.o
LOAD ./Periph/string.o
LOAD ./1986BE1T/MDR32F9Qx_StdPeriph_Driver/src/USB_Library/MDR32F9Qx_usb_CDC.o
LOAD ./1986BE1T/MDR32F9Qx_StdPeriph_Driver/src/USB_Library/MDR32F9Qx_usb_device.o
LOAD ./1986BE1T/MDR32F9Qx_StdPeriph_Driver/src/MDR32F9Qx_adc.o
LOAD ./1986BE1T/MDR32F9Qx_StdPeriph_Driver/src/MDR32F9Qx_arinc429r.o
LOAD ./1986BE1T/MDR32F9Qx_StdPeriph_Driver/src/MDR32F9Qx_arinc429t.o
LOAD ./1986BE1T/MDR32F9Qx_StdPeriph_Driver/src/MDR32F9Qx_audio.o
LOAD ./1986BE1T/MDR32F9Qx_StdPeriph_Driver/src/MDR32F9Qx_bkp.o
LOAD ./1986BE1T/MDR32F9Qx_StdPeriph_Driver/src/MDR32F9Qx_can.o
LOAD ./1986BE1T/MDR32F9Qx_StdPeriph_Driver/src/MDR32F9Qx_comp.o
LOAD ./1986BE1T/MDR32F9Qx_StdPeriph_Driver/src/MDR32F9Qx_dac.o
LOAD ./1986BE1T/MDR32F9Qx_StdPeriph_Driver/src/MDR32F9Qx_dma.o
LOAD ./1986BE1T/MDR32F9Qx_StdPeriph_Driver/src/MDR32F9Qx_dsp.o
LOAD ./1986BE1T/MDR32F9Qx_StdPeriph_Driver/src/MDR32F9Qx_ebc.o
LOAD ./1986BE1T/MDR32F9Qx_StdPeriph_Driver/src/MDR32F9Qx_eeprom.o
LOAD ./1986BE1T/MDR32F9Qx_StdPeriph_Driver/src/MDR32F9Qx_eth.o
LOAD ./1986BE1T/MDR32F9Qx_StdPeriph_Driver/src/MDR32F9Qx_i2c.o
LOAD ./1986BE1T/MDR32F9Qx_StdPeriph_Driver/src/MDR32F9Qx_iwdg.o
LOAD ./1986BE1T/MDR32F9Qx_StdPeriph_Driver/src/MDR32F9Qx_keypad.o
LOAD ./1986BE1T/MDR32F9Qx_StdPeriph_Driver/src/MDR32F9Qx_led.o
LOAD ./1986BE1T/MDR32F9Qx_StdPeriph_Driver/src/MDR32F9Qx_mil_std_1553.o
LOAD ./1986BE1T/MDR32F9Qx_StdPeriph_Driver/src/MDR32F9Qx_port.o
LOAD ./1986BE1T/MDR32F9Qx_StdPeriph_Driver/src/MDR32F9Qx_power.o
LOAD ./1986BE1T/MDR32F9Qx_StdPeriph_Driver/src/MDR32F9Qx_rst_clk.o
LOAD ./1986BE1T/MDR32F9Qx_StdPeriph_Driver/src/MDR32F9Qx_sdio.o
LOAD ./1986BE1T/MDR32F9Qx_StdPeriph_Driver/src/MDR32F9Qx_ssp.o
LOAD ./1986BE1T/MDR32F9Qx_StdPeriph_Driver/src/MDR32F9Qx_timer.o
LOAD ./1986BE1T/MDR32F9Qx_StdPeriph_Driver/src/MDR32F9Qx_uart.o
LOAD ./1986BE1T/MDR32F9Qx_StdPeriph_Driver/src/MDR32F9Qx_usb.o
LOAD ./1986BE1T/MDR32F9Qx_StdPeriph_Driver/src/MDR32F9Qx_wwdg.o
LOAD ./1986BE1T/CMSIS/CM1/DeviceSupport/MDR1986VE1T/startup/gcc/startup_MDR1986VE1T.o
LOAD ./1986BE1T/CMSIS/CM1/DeviceSupport/MDR1986VE1T/startup/system_MDR1986VE1T.o
START GROUP
LOAD d:/program/eclipse_arm/tools/yagarto-20121222/bin/../lib/gcc/arm-none-eabi/4.7.2/thumb/v6m\libgcc.a
LOAD d:/program/eclipse_arm/tools/yagarto-20121222/bin/../lib/gcc/arm-none-eabi/4.7.2/../../../../arm-none-eabi/lib/thumb/v6m\libg.a
LOAD d:/program/eclipse_arm/tools/yagarto-20121222/bin/../lib/gcc/arm-none-eabi/4.7.2/../../../../arm-none-eabi/lib/thumb/v6m\libc.a
END GROUP

.text           0x00000000     0x4e90
 *(.isr_vector)
 .isr_vector    0x00000000       0xc0 ./1986BE1T/CMSIS/CM1/DeviceSupport/MDR1986VE1T/startup/gcc/startup_MDR1986VE1T.o
                0x00000000                __isr_vector
 *(.text*)
 .text.ADFADCInit
                0x000000c0      0x100 ./src/adc.o
                0x000000c0                ADFADCInit
 .text.ADCGaletnikRead
                0x000001c0       0x54 ./src/adc.o
                0x000001c0                ADCGaletnikRead
 .text.ADCGaletnikValueToCanal
                0x00000214      0x1a0 ./src/adc.o
                0x00000214                ADCGaletnikValueToCanal
 .text.NVIC_EnableIRQ
                0x000003b4       0x2c ./src/arinc429.o
 .text.Arinc429Init
                0x000003e0       0x18 ./src/arinc429.o
                0x000003e0                Arinc429Init
 .text.Arinc429Port_Initialization
                0x000003f8       0x74 ./src/arinc429.o
                0x000003f8                Arinc429Port_Initialization
 .text.Arinc429Tx_Initialization
                0x0000046c       0x34 ./src/arinc429.o
                0x0000046c                Arinc429Tx_Initialization
 .text.Arinc429Rx_Initialization
                0x000004a0       0x50 ./src/arinc429.o
                0x000004a0                Arinc429Rx_Initialization
 .text.Arinc429Timer_Initialization
                0x000004f0       0x84 ./src/arinc429.o
                0x000004f0                Arinc429Timer_Initialization
 .text.Timer2_IRQHandler
                0x00000574       0x50 ./src/arinc429.o
                0x00000574                Timer2_IRQHandler
 .text.ARINC429R_IRQHandler
                0x000005c4      0x13c ./src/arinc429.o
                0x000005c4                ARINC429R_IRQHandler
 .text.Arinc429Test
                0x00000700      0x264 ./src/arinc429.o
                0x00000700                Arinc429Test
 .text.FraquencyToArinc429
                0x00000964       0xf0 ./src/arinc429.o
                0x00000964                FraquencyToArinc429
 .text.CaptureTimer
                0x00000a54      0x13c ./src/capture.o
                0x00000a54                CaptureTimer
 .text.ControlsRead
                0x00000b90       0x18 ./src/controls.o
                0x00000b90                ControlsRead
 .text.ControlsTest
                0x00000ba8      0x130 ./src/controls.o
                0x00000ba8                ControlsTest
 .text.ControlGaletnikCanalTest
                0x00000cd8       0x74 ./src/controls.o
                0x00000cd8                ControlGaletnikCanalTest
 .text.ControlGaletnikCanalGet
                0x00000d4c       0x14 ./src/controls.o
                0x00000d4c                ControlGaletnikCanalGet
 .text.ControlsTimeActive
                0x00000d60       0x78 ./src/controls.o
                0x00000d60                ControlsTimeActive
 .text.ControlsTimeActiveClear
                0x00000dd8       0x24 ./src/controls.o
                0x00000dd8                ControlsTimeActiveClear
 .text.CPU_Initialization
                0x00000dfc       0x58 ./src/cpu.o
                0x00000dfc                CPU_Initialization
 .text.HardFault_Handler
                0x00000e54        0x8 ./src/cpu.o
                0x00000e54                HardFault_Handler
 .text.FraquencyTest
                0x00000e5c      0x568 ./src/fraquency.o
                0x00000e5c                FraquencyTest
 .text.FraquencyCanalWriteTest
                0x000013c4      0x168 ./src/fraquency.o
                0x000013c4                FraquencyCanalWriteTest
 .text.FraquencyPultOut
                0x0000152c      0x1d0 ./src/fraquency.o
                0x0000152c                FraquencyPultOut
 .text.IndikatorSymbolOut
                0x000016fc       0xd4 ./src/indikator.o
                0x000016fc                IndikatorSymbolOut
 .text.IndikatorSegmentSet
                0x000017d0       0x38 ./src/indikator.o
                0x000017d0                IndikatorSegmentSet
 .text.IndikatorOff
                0x00001808       0x4c ./src/indikator.o
                0x00001808                IndikatorOff
 .text.ADFIWDGReset
                0x00001854       0x18 ./src/iwdg.o
                0x00001854                ADFIWDGReset
 .text.main     0x0000186c       0xbc ./src/main.o
                0x0000186c                main
 .text.InterruptsDisable
                0x00001928       0x28 ./src/memory.o
 .text.InterruptsEnable
                0x00001950       0x18 ./src/memory.o
 .text.Memory_EEPROMWriteHalfWord
                0x00001968       0x2c ./src/memory.o
                0x00001968                Memory_EEPROMWriteHalfWord
 .text.Memory_EEPROMErasePage
                0x00001994       0x20 ./src/memory.o
                0x00001994                Memory_EEPROMErasePage
 .text.MemoryPultCFGADFStore
                0x000019b4       0x34 ./src/memory.o
                0x000019b4                MemoryPultCFGADFStore
 .text.MemoryPultCFGADFLoad
                0x000019e8       0x18 ./src/memory.o
                0x000019e8                MemoryPultCFGADFLoad
 .text.MemoryPultCanalStore
                0x00001a00       0xe0 ./src/memory.o
                0x00001a00                MemoryPultCanalStore
 .text.MemoryPultCanalLoad
                0x00001ae0       0xa4 ./src/memory.o
                0x00001ae0                MemoryPultCanalLoad
 .text.MemoryFraquencyCanalSaveAll
                0x00001b84       0x44 ./src/memory.o
 .text.MemoryFraquencyCanalResaveAll
                0x00001bc8       0x68 ./src/memory.o
 .text.PULT_CANAL_COUNT
                0x00001c30       0x34 ./src/memory.o
                0x00001c30                PULT_CANAL_COUNT
 .text.PULT_CANAL_ALL
                0x00001c64       0x34 ./src/memory.o
                0x00001c64                PULT_CANAL_ALL
 .text.PULT_CANAL_INDIKATOR_NUMBER
                0x00001c98       0x34 ./src/memory.o
                0x00001c98                PULT_CANAL_INDIKATOR_NUMBER
 .text.PULT_CANAL_PLAVNO_NUMBER
                0x00001ccc       0x34 ./src/memory.o
                0x00001ccc                PULT_CANAL_PLAVNO_NUMBER
 .text.SignalTest
                0x00001d00      0x13c ./src/signal.o
                0x00001d00                SignalTest
 .text.SignalTimeTest
                0x00001e3c       0xa0 ./src/signal.o
                0x00001e3c                SignalTimeTest
 .text.SignalSet
                0x00001edc      0x1a4 ./src/signal.o
                0x00001edc                SignalSet
 .text.SignalMarkerTest
                0x00002080       0x74 ./src/signal.o
                0x00002080                SignalMarkerTest
 .text.SignalBligniyOrDalniyTest
                0x000020f4      0x12c ./src/signal.o
                0x000020f4                SignalBligniyOrDalniyTest
 .text.SignalDPRSTest
                0x00002220       0x74 ./src/signal.o
                0x00002220                SignalDPRSTest
 .text.StartsMenuMain
                0x00002294      0x128 ./src/starts.o
                0x00002294                StartsMenuMain
 .text.StartsStringOut
                0x000023bc       0x44 ./src/starts.o
 .text.StateInit
                0x00002400      0x18c ./src/state.o
                0x00002400                StateInit
 .text.StatePultDataGet
                0x0000258c       0x34 ./src/state.o
                0x0000258c                StatePultDataGet
 .text.StatePultAdressGet
                0x000025c0       0x34 ./src/state.o
                0x000025c0                StatePultAdressGet
 .text.StatePerekluchatelDataGet
                0x000025f4       0xc0 ./src/state.o
                0x000025f4                StatePerekluchatelDataGet
 .text.StateGet
                0x000026b4       0xc8 ./src/state.o
                0x000026b4                StateGet
 .text.StateSet
                0x0000277c       0x7c ./src/state.o
                0x0000277c                StateSet
 .text.StateReset
                0x000027f8       0x80 ./src/state.o
                0x000027f8                StateReset
 .text.NVIC_EnableIRQ
                0x00002878       0x2c ./src/timer.o
 .text.TimerTime_Initialization
                0x000028a4       0xa8 ./src/timer.o
                0x000028a4                TimerTime_Initialization
 .text.Timer1_IRQHandler
                0x0000294c       0xd4 ./src/timer.o
                0x0000294c                Timer1_IRQHandler
 .text.TimeGet  0x00002a20       0x14 ./src/timer.o
                0x00002a20                TimeGet
 .text.TimeInterval
                0x00002a34       0x1c ./src/timer.o
                0x00002a34                TimeInterval
 .text.Timer4ConfigADF353
                0x00002a50      0x128 ./src/timer.o
                0x00002a50                Timer4ConfigADF353
 .text.Timer4ConfigADF351
                0x00002b78       0xdc ./src/timer.o
                0x00002b78                Timer4ConfigADF351
 .text.Timer3_IRQHandler
                0x00002c54       0xd0 ./src/timer.o
                0x00002c54                Timer3_IRQHandler
 .text.Timer4_IRQHandler
                0x00002d24      0x2ac ./src/timer.o
                0x00002d24                Timer4_IRQHandler
 .text.SysTick_Handler
                0x00002fd0       0x14 ./Periph/LCD.o
                0x00002fd0                SysTick_Handler
 .text.NVIC_EnableIRQ
                0x00002fe4       0x2c ./1986BE1T/MDR32F9Qx_StdPeriph_Driver/src/USB_Library/MDR32F9Qx_usb_device.o
 .text.NVIC_DisableIRQ
                0x00003010       0x2c ./1986BE1T/MDR32F9Qx_StdPeriph_Driver/src/USB_Library/MDR32F9Qx_usb_device.o
 .text.USB_EP_Idle
                0x0000303c       0x68 ./1986BE1T/MDR32F9Qx_StdPeriph_Driver/src/USB_Library/MDR32F9Qx_usb_device.o
                0x0000303c                USB_EP_Idle
 .text.USB_EP_Stall
                0x000030a4       0x78 ./1986BE1T/MDR32F9Qx_StdPeriph_Driver/src/USB_Library/MDR32F9Qx_usb_device.o
                0x000030a4                USB_EP_Stall
 .text.USB_EP_dispatchEvent
                0x0000311c      0x400 ./1986BE1T/MDR32F9Qx_StdPeriph_Driver/src/USB_Library/MDR32F9Qx_usb_device.o
                0x0000311c                USB_EP_dispatchEvent
 .text.USB_EP_sendInDataPortion
                0x0000351c       0xb0 ./1986BE1T/MDR32F9Qx_StdPeriph_Driver/src/USB_Library/MDR32F9Qx_usb_device.o
 .text.USB_EP_SetReady
                0x000035cc       0x40 ./1986BE1T/MDR32F9Qx_StdPeriph_Driver/src/USB_Library/MDR32F9Qx_usb_device.o
 .text.USB_DeviceReset
                0x0000360c       0x18 ./1986BE1T/MDR32F9Qx_StdPeriph_Driver/src/USB_Library/MDR32F9Qx_usb_device.o
                0x0000360c                USB_DeviceReset
 .text.USB_DeviceDispatchEvent
                0x00003624       0x88 ./1986BE1T/MDR32F9Qx_StdPeriph_Driver/src/USB_Library/MDR32F9Qx_usb_device.o
                0x00003624                USB_DeviceDispatchEvent
 .text.USB_IRQHandler
                0x000036ac        0xc ./1986BE1T/MDR32F9Qx_StdPeriph_Driver/src/USB_Library/MDR32F9Qx_usb_device.o
                0x000036ac                USB_IRQHandler
 .text.ADC1_Cmd
                0x000036b8       0x3c ./1986BE1T/MDR32F9Qx_StdPeriph_Driver/src/MDR32F9Qx_adc.o
                0x000036b8                ADC1_Cmd
 .text.PORT_Init
                0x000036f4      0x18c ./1986BE1T/MDR32F9Qx_StdPeriph_Driver/src/MDR32F9Qx_port.o
                0x000036f4                PORT_Init
 .text.RST_CLK_PCLKcmd
                0x00003880       0x3c ./1986BE1T/MDR32F9Qx_StdPeriph_Driver/src/MDR32F9Qx_rst_clk.o
                0x00003880                RST_CLK_PCLKcmd
 .text.TIMER_CntInit
                0x000038bc       0x70 ./1986BE1T/MDR32F9Qx_StdPeriph_Driver/src/MDR32F9Qx_timer.o
                0x000038bc                TIMER_CntInit
 .text.TIMER_Cmd
                0x0000392c       0x3c ./1986BE1T/MDR32F9Qx_StdPeriph_Driver/src/MDR32F9Qx_timer.o
                0x0000392c                TIMER_Cmd
 .text.TIMER_GetChnCapture
                0x00003968       0x28 ./1986BE1T/MDR32F9Qx_StdPeriph_Driver/src/MDR32F9Qx_timer.o
                0x00003968                TIMER_GetChnCapture
 .text.TIMER_GetChnCapture1
                0x00003990       0x28 ./1986BE1T/MDR32F9Qx_StdPeriph_Driver/src/MDR32F9Qx_timer.o
                0x00003990                TIMER_GetChnCapture1
 .text.TIMER_ClearFlag
                0x000039b8       0x20 ./1986BE1T/MDR32F9Qx_StdPeriph_Driver/src/MDR32F9Qx_timer.o
                0x000039b8                TIMER_ClearFlag
 .text.TIMER_ITConfig
                0x000039d8       0x3c ./1986BE1T/MDR32F9Qx_StdPeriph_Driver/src/MDR32F9Qx_timer.o
                0x000039d8                TIMER_ITConfig
 .text.TIMER_GetITStatus
                0x00003a14       0x40 ./1986BE1T/MDR32F9Qx_StdPeriph_Driver/src/MDR32F9Qx_timer.o
                0x00003a14                TIMER_GetITStatus
 .text.TIMER_BRGInit
                0x00003a54       0xec ./1986BE1T/MDR32F9Qx_StdPeriph_Driver/src/MDR32F9Qx_timer.o
                0x00003a54                TIMER_BRGInit
 .text.USB_GetSEPxCTRL
                0x00003b40       0x24 ./1986BE1T/MDR32F9Qx_StdPeriph_Driver/src/MDR32F9Qx_usb.o
                0x00003b40                USB_GetSEPxCTRL
 .text.USB_SetSEPxCTRL
                0x00003b64       0x4c ./1986BE1T/MDR32F9Qx_StdPeriph_Driver/src/MDR32F9Qx_usb.o
                0x00003b64                USB_SetSEPxCTRL
 .text.USB_GetSEPxSTS
                0x00003bb0       0x28 ./1986BE1T/MDR32F9Qx_StdPeriph_Driver/src/MDR32F9Qx_usb.o
                0x00003bb0                USB_GetSEPxSTS
 .text.USB_GetSEPxTS
                0x00003bd8       0x2c ./1986BE1T/MDR32F9Qx_StdPeriph_Driver/src/MDR32F9Qx_usb.o
                0x00003bd8                USB_GetSEPxTS
 .text.USB_GetSIS
                0x00003c04       0x18 ./1986BE1T/MDR32F9Qx_StdPeriph_Driver/src/MDR32F9Qx_usb.o
                0x00003c04                USB_GetSIS
 .text.USB_SetSIS
                0x00003c1c       0x1c ./1986BE1T/MDR32F9Qx_StdPeriph_Driver/src/MDR32F9Qx_usb.o
                0x00003c1c                USB_SetSIS
 .text.USB_GetSEPxRXFD
                0x00003c38       0x24 ./1986BE1T/MDR32F9Qx_StdPeriph_Driver/src/MDR32F9Qx_usb.o
                0x00003c38                USB_GetSEPxRXFD
 .text.USB_GetSEPxRXFDC
                0x00003c5c       0x2c ./1986BE1T/MDR32F9Qx_StdPeriph_Driver/src/MDR32F9Qx_usb.o
                0x00003c5c                USB_GetSEPxRXFDC
 .text.USB_SetSEPxRXFC
                0x00003c88       0x2c ./1986BE1T/MDR32F9Qx_StdPeriph_Driver/src/MDR32F9Qx_usb.o
                0x00003c88                USB_SetSEPxRXFC
 .text.USB_SetSEPxTXFD
                0x00003cb4       0x2c ./1986BE1T/MDR32F9Qx_StdPeriph_Driver/src/MDR32F9Qx_usb.o
                0x00003cb4                USB_SetSEPxTXFD
 .text.USB_SetSEPxTXFDC
                0x00003ce0       0x2c ./1986BE1T/MDR32F9Qx_StdPeriph_Driver/src/MDR32F9Qx_usb.o
                0x00003ce0                USB_SetSEPxTXFDC
 .text.USB_SEPxToggleEPDATASEQ
                0x00003d0c       0x3c ./1986BE1T/MDR32F9Qx_StdPeriph_Driver/src/MDR32F9Qx_usb.o
                0x00003d0c                USB_SEPxToggleEPDATASEQ
 .text          0x00003d48       0x64 ./1986BE1T/CMSIS/CM1/DeviceSupport/MDR1986VE1T/startup/gcc/startup_MDR1986VE1T.o
                0x00003d48                _start
                0x00003d4c                Reset_Handler
                0x00003da8                EXT_INT1_IRQHandler
                0x00003da8                PendSV_Handler
                0x00003da8                NMI_Handler
                0x00003da8                ARINC429T2_IRQHandler
                0x00003da8                CAN1_IRQHandler
                0x00003da8                POWER_IRQHandler
                0x00003da8                BUSY_IRQHandler
                0x00003da8                MIL_STD_1553B1_IRQHandler
                0x00003da8                UART1_IRQHandler
                0x00003da8                ARINC429T4_IRQHandler
                0x00003da8                UART2_IRQHandler
                0x00003da8                SSP3_IRQHandler
                0x00003da8                EXT_INT2_IRQHandler
                0x00003da8                Default_Handler
                0x00003da8                BKP_IRQHandler
                0x00003da8                ADC_IRQHandler
                0x00003da8                SSP1_IRQHandler
                0x00003da8                EXT_INT3_IRQHandler
                0x00003da8                ARINC429T3_IRQHandler
                0x00003da8                EXT_INT4_IRQHandler
                0x00003da8                SVC_Handler
                0x00003da8                ARINC429T1_IRQHandler
                0x00003da8                WWDG_IRQHandler
                0x00003da8                MIL_STD_1553B2_IRQHandler
                0x00003da8                SSP2_IRQHandler
                0x00003da8                DMA_IRQHandler
                0x00003da8                CAN2_IRQHandler
                0x00003da8                ETHERNET_IRQHandler
 .text.SystemCoreClockUpdate
                0x00003dac       0xcc ./1986BE1T/CMSIS/CM1/DeviceSupport/MDR1986VE1T/startup/system_MDR1986VE1T.o
                0x00003dac                SystemCoreClockUpdate
 .text.SystemInit
                0x00003e78       0x4c ./1986BE1T/CMSIS/CM1/DeviceSupport/MDR1986VE1T/startup/system_MDR1986VE1T.o
                0x00003e78                SystemInit
 .text          0x00003ec4       0x9c d:/program/eclipse_arm/tools/yagarto-20121222/bin/../lib/gcc/arm-none-eabi/4.7.2/thumb/v6m\libgcc.a(_udivsi3.o)
                0x00003ec4                __aeabi_uidiv
                0x00003ec4                __udivsi3
                0x00003f4c                __aeabi_uidivmod
 .text          0x00003f60        0x4 d:/program/eclipse_arm/tools/yagarto-20121222/bin/../lib/gcc/arm-none-eabi/4.7.2/thumb/v6m\libgcc.a(_dvmd_tls.o)
                0x00003f60                __aeabi_idiv0
                0x00003f60                __aeabi_ldiv0
 .text          0x00003f64       0x30 d:/program/eclipse_arm/tools/yagarto-20121222/bin/../lib/gcc/arm-none-eabi/4.7.2/thumb/v6m\libgcc.a(_fixunssfsi.o)
                0x00003f64                __fixunssfsi
                0x00003f64                __aeabi_f2uiz
 .text          0x00003f94      0x230 d:/program/eclipse_arm/tools/yagarto-20121222/bin/../lib/gcc/arm-none-eabi/4.7.2/thumb/v6m\libgcc.a(divsf3.o)
                0x00003f94                __aeabi_fdiv
 .text          0x000041c4      0x3c0 d:/program/eclipse_arm/tools/yagarto-20121222/bin/../lib/gcc/arm-none-eabi/4.7.2/thumb/v6m\libgcc.a(subsf3.o)
                0x000041c4                __aeabi_fsub
 .text          0x00004584       0x40 d:/program/eclipse_arm/tools/yagarto-20121222/bin/../lib/gcc/arm-none-eabi/4.7.2/thumb/v6m\libgcc.a(fixsfsi.o)
                0x00004584                __aeabi_f2iz
 .text          0x000045c4       0xb0 d:/program/eclipse_arm/tools/yagarto-20121222/bin/../lib/gcc/arm-none-eabi/4.7.2/thumb/v6m\libgcc.a(floatunsisf.o)
                0x000045c4                __aeabi_ui2f
 .text          0x00004674       0x74 d:/program/eclipse_arm/tools/yagarto-20121222/bin/../lib/gcc/arm-none-eabi/4.7.2/thumb/v6m\libgcc.a(_arm_cmpsf2.o)
                0x00004674                __aeabi_cfrcmple
                0x0000467c                __aeabi_cfcmpeq
                0x0000467c                __aeabi_cfcmple
                0x0000468c                __aeabi_fcmpeq
                0x00004698                __aeabi_fcmplt
                0x000046ac                __aeabi_fcmple
                0x000046c0                __aeabi_fcmpgt
                0x000046d4                __aeabi_fcmpge
 .text          0x000046e8       0x3c d:/program/eclipse_arm/tools/yagarto-20121222/bin/../lib/gcc/arm-none-eabi/4.7.2/thumb/v6m\libgcc.a(_clzsi2.o)
                0x000046e8                __clzsi2
 .text          0x00004724       0x58 d:/program/eclipse_arm/tools/yagarto-20121222/bin/../lib/gcc/arm-none-eabi/4.7.2/thumb/v6m\libgcc.a(eqsf2.o)
                0x00004724                __eqsf2
                0x00004724                __nesf2
 .text          0x0000477c       0x98 d:/program/eclipse_arm/tools/yagarto-20121222/bin/../lib/gcc/arm-none-eabi/4.7.2/thumb/v6m\libgcc.a(gesf2.o)
                0x0000477c                __gesf2
                0x0000477c                __gtsf2
 .text          0x00004814       0xa0 d:/program/eclipse_arm/tools/yagarto-20121222/bin/../lib/gcc/arm-none-eabi/4.7.2/thumb/v6m\libgcc.a(lesf2.o)
                0x00004814                __ltsf2
                0x00004814                __lesf2
 *fill*         0x000048b4        0x4 
 .text.__stub   0x000048b8       0x20 linker stubs
 *(.init)
 *(.fini)
 *crtbegin.o(.ctors)
 *crtbegin?.o(.ctors)
 *(EXCLUDE_FILE(*crtend.o *crtend?.o) .ctors)
 *(SORT(.ctors.*))
 *(.ctors)
 *crtbegin.o(.dtors)
 *crtbegin?.o(.dtors)
 *(EXCLUDE_FILE(*crtend.o *crtend?.o) .dtors)
 *(SORT(.dtors.*))
 *(.dtors)
 *(.rodata*)
 .rodata.ControlsTest
                0x000048d8       0x30 ./src/controls.o
 .rodata.IndikatorSegmentSymbol
                0x00004908       0x48 ./src/indikator.o
                0x00004908                IndikatorSegmentSymbol
 .rodata.SignalSet
                0x00004950       0x28 ./src/signal.o
 .rodata.StartsStringADF351
                0x00004978        0x8 ./src/starts.o
                0x00004978                StartsStringADF351
 .rodata.StartsStringADF353
                0x00004980        0x8 ./src/starts.o
                0x00004980                StartsStringADF353
 .rodata.StartsStringADF40
                0x00004988        0x8 ./src/starts.o
                0x00004988                StartsStringADF40
 .rodata.StartsStringOFF
                0x00004990        0x8 ./src/starts.o
                0x00004990                StartsStringOFF
 .rodata.StartsString88888
                0x00004998        0x8 ./src/starts.o
                0x00004998                StartsString88888
 .rodata.StartsString0123456789
                0x000049a0       0x14 ./src/starts.o
                0x000049a0                StartsString0123456789
 .rodata        0x000049b4      0x1b8 ./src/state.o
 .rodata.ADFStateOutputPins
                0x00004b6c       0xc0 ./src/state.o
                0x00004b6c                ADFStateOutputPins
 .rodata.ADFStateInputPinsADF40
                0x00004c2c       0xd8 ./src/state.o
                0x00004c2c                ADFStateInputPinsADF40
 .rodata.ADFStateInputPinsADF351
                0x00004d04      0x114 ./src/state.o
                0x00004d04                ADFStateInputPinsADF351
 .rodata.TableIndikatorHG
                0x00004e18       0x14 ./src/timer.o
 .rodata.TableDlitelnostSkwagnosti
                0x00004e2c        0xc ./src/timer.o
 .rodata.USB_EP_dispatchEvent
                0x00004e38       0x18 ./1986BE1T/MDR32F9Qx_StdPeriph_Driver/src/USB_Library/MDR32F9Qx_usb_device.o
 .rodata        0x00004e50       0x40 d:/program/eclipse_arm/tools/yagarto-20121222/bin/../lib/gcc/arm-none-eabi/4.7.2/thumb/v6m\libgcc.a(divsf3.o)
 *(.eh_frame*)

.glue_7         0x00004e90        0x0
 .glue_7        0x00000000        0x0 linker stubs

.glue_7t        0x00004e90        0x0
 .glue_7t       0x00000000        0x0 linker stubs

.vfp11_veneer   0x00004e90        0x0
 .vfp11_veneer  0x00000000        0x0 linker stubs

.v4_bx          0x00004e90        0x0
 .v4_bx         0x00000000        0x0 linker stubs

.iplt           0x00004e90        0x0
 .iplt          0x00000000        0x0 ./src/adc.o

.ARM.extab
 *(.ARM.extab* .gnu.linkonce.armextab.*)
                0x00004e90                __exidx_start = .

.ARM.exidx
 *(.ARM.exidx* .gnu.linkonce.armexidx.*)
                0x00004e90                __exidx_end = .
                0x00004e90                . = ALIGN (0x4)
                0x00004e90                __etext = .

.data           0x20000000       0x3c load address 0x00004e90
                0x20000000                __data_start__ = .
 *(vtable)
 *(.data*)
 .data.StatusTableSignal
                0x20000000       0x28 ./src/signal.o
                0x20000000                StatusTableSignal
 .data.StartsTableADF
                0x20000028        0xc ./src/starts.o
                0x20000028                StartsTableADF
 .data.TimerDlitelnostSkwagnostiIndikator
                0x20000034        0x1 ./src/timer.o
                0x20000034                TimerDlitelnostSkwagnostiIndikator
 *fill*         0x20000035        0x3 
 .data.SystemCoreClock
                0x20000038        0x4 ./1986BE1T/CMSIS/CM1/DeviceSupport/MDR1986VE1T/startup/system_MDR1986VE1T.o
                0x20000038                SystemCoreClock
                0x2000003c                . = ALIGN (0x4)
                0x2000003c                PROVIDE (__preinit_array_start, .)
 *(.preinit_array)
                0x2000003c                PROVIDE (__preinit_array_end, .)
                0x2000003c                . = ALIGN (0x4)
                0x2000003c                PROVIDE (__init_array_start, .)
 *(SORT(.init_array.*))
 *(.init_array)
                0x2000003c                PROVIDE (__init_array_end, .)
                0x2000003c                . = ALIGN (0x4)
                0x2000003c                PROVIDE (__fini_array_start, .)
 *(SORT(.fini_array.*))
 *(.fini_array)
                0x2000003c                PROVIDE (__fini_array_end, .)
 *(.jcr*)
                0x2000003c                . = ALIGN (0x4)
                0x2000003c                __data_end__ = .
                0x00004ecc                __edata = (__etext + SIZEOF (.data))

.igot.plt       0x2000003c        0x0 load address 0x00004ecc
 .igot.plt      0x00000000        0x0 ./src/adc.o

.ramfunc        0x20100000      0x548 load address 0x00004ecc
                0x20100000                __ramfunc_start__ = .
 *(.ramfunc*)
 .ramfunc       0x20100000      0x548 ./1986BE1T/MDR32F9Qx_StdPeriph_Driver/src/MDR32F9Qx_eeprom.o
                0x20100020                EEPROM_ReadByte
                0x201000bc                EEPROM_ReadHalfWord
                0x20100158                EEPROM_ReadWord
                0x201001dc                EEPROM_ErasePage
                0x201002bc                EEPROM_EraseAllPages
                0x20100394                EEPROM_ProgramByte
                0x201003f8                EEPROM_ProgramHalfWord
                0x20100460                EEPROM_ProgramWord
                0x20100548                . = ALIGN (0x4)
                0x20100548                __ramfunc_end__ = .

.rel.dyn        0x20100548        0x0 load address 0x00005414
 .rel.iplt      0x00000000        0x0 ./src/adc.o

.bss            0x2000003c      0x248 load address 0x00004ecc
                0x2000003c                . = ALIGN (0x4)
                0x2000003c                __bss_start__ = .
 *(.bss*)
 .bss.Arinc429ReceiverData
                0x2000003c        0x4 ./src/arinc429.o
                0x2000003c                Arinc429ReceiverData
 .bss.Arinc429TransmitterWords
                0x20000040        0x4 ./src/arinc429.o
                0x20000040                Arinc429TransmitterWords
 .bss.Arinc429TransmitterData
                0x20000044        0x4 ./src/arinc429.o
                0x20000044                Arinc429TransmitterData
 .bss.Arinc429TransmitterBligniyData
                0x20000048        0x4 ./src/arinc429.o
                0x20000048                Arinc429TransmitterBligniyData
 .bss.arincDataOld.5058
                0x2000004c        0x4 ./src/arinc429.o
 .bss.captureHigh
                0x20000050        0x4 ./src/capture.o
                0x20000050                captureHigh
 .bss.captureLow
                0x20000054        0x4 ./src/capture.o
                0x20000054                captureLow
 .bss.capturePeriod
                0x20000058        0x4 ./src/capture.o
                0x20000058                capturePeriod
 .bss.capturePeriodSrednee
                0x2000005c        0x4 ./src/capture.o
                0x2000005c                capturePeriodSrednee
 .bss.SignalHigh
                0x20000060        0x4 ./src/capture.o
                0x20000060                SignalHigh
 .bss.SignalHighSrednee
                0x20000064        0x4 ./src/capture.o
                0x20000064                SignalHighSrednee
 .bss.SignalSkwagnost
                0x20000068        0x4 ./src/capture.o
                0x20000068                SignalSkwagnost
 .bss.ProcentSkwagnost
                0x2000006c        0x4 ./src/capture.o
                0x2000006c                ProcentSkwagnost
 .bss.CFG_ADFPultType
                0x20000070        0x1 ./src/cfg.o
                0x20000070                CFG_ADFPultType
 *fill*         0x20000071        0x1 
 .bss.Controls  0x20000072        0x2 ./src/controls.o
 .bss.ControlGaletnikCanal
                0x20000074        0x1 ./src/controls.o
 .bss.canalPrevious.4141
                0x20000075        0x1 ./src/controls.o
 *fill*         0x20000076        0x2 
 .bss.time.4140
                0x20000078        0x4 ./src/controls.o
 .bss.FraquencyCurrent
                0x2000007c        0x2 ./src/fraquency.o
                0x2000007c                FraquencyCurrent
 .bss.FraquencyCurrentBligniy
                0x2000007e        0x2 ./src/fraquency.o
                0x2000007e                FraquencyCurrentBligniy
 .bss.ADFFraquencyPlavno
                0x20000080        0x2 ./src/fraquency.o
                0x20000080                ADFFraquencyPlavno
 .bss.FraquencyInput
                0x20000082        0x2 ./src/fraquency.o
                0x20000082                FraquencyInput
 .bss.FraquencyMiganie
                0x20000084        0x1 ./src/fraquency.o
                0x20000084                FraquencyMiganie
 *fill*         0x20000085        0x3 
 .bss.FraquencyMiganieTime
                0x20000088        0x4 ./src/fraquency.o
                0x20000088                FraquencyMiganieTime
 .bss.timeIndikatorBrightnessSave.4143
                0x2000008c        0x4 ./src/fraquency.o
 .bss.boolIndikatorBrightnessSave.4142
                0x20000090        0x1 ./src/fraquency.o
 .bss.writeStatus.4138
                0x20000091        0x1 ./src/fraquency.o
 *fill*         0x20000092        0x2 
 .bss.time.4137
                0x20000094        0x4 ./src/fraquency.o
 .bss.timeIndikatorBrightnessSave.4132
                0x20000098        0x4 ./src/fraquency.o
 .bss.boolIndikatorBrightnessSave.4131
                0x2000009c        0x1 ./src/fraquency.o
 *fill*         0x2000009d        0x3 
 .bss.InterruptsSave
                0x200000a0        0x4 ./src/memory.o
 .bss.MemoryTableFraquencyCanal
                0x200000a4       0x4c ./src/memory.o
 .bss.TableTimeSignalOff
                0x200000f0       0x28 ./src/signal.o
 .bss.TableTimeSignalOn
                0x20000118       0x28 ./src/signal.o
 .bss.capture_value
                0x20000140        0x4 ./src/timer.o
                0x20000140                capture_value
 .bss.capture_value2
                0x20000144        0x4 ./src/timer.o
                0x20000144                capture_value2
 .bss.capture_flag
                0x20000148        0x4 ./src/timer.o
                0x20000148                capture_flag
 .bss.capture_flag2
                0x2000014c        0x4 ./src/timer.o
                0x2000014c                capture_flag2
 .bss.time.5123
                0x20000150        0x4 ./src/timer.o
 .bss.j.5121    0x20000154        0x1 ./src/timer.o
 *fill*         0x20000155        0x3 
 .bss.bHandling.5303
                0x20000158        0x4 ./1986BE1T/MDR32F9Qx_StdPeriph_Driver/src/USB_Library/MDR32F9Qx_usb_device.o
 *(COMMON)
 COMMON         0x2000015c       0x30 ./src/controls.o
                0x2000015c                TableControlsTimeActive
 COMMON         0x2000018c       0x10 ./src/fraquency.o
                0x2000018c                TableFraquencyCurrent
                0x20000194                TableSwitchCurrent
 COMMON         0x2000019c        0x8 ./src/state.o
                0x2000019c                ADFStateInput
                0x200001a0                ADFStateOutput
 COMMON         0x200001a4        0x8 ./src/status.o
                0x200001a4                StatusInput
                0x200001a8                Status
 COMMON         0x200001ac        0xc ./src/timer.o
                0x200001ac                PultDataInput
                0x200001b4                TimerTimeCount
 COMMON         0x200001b8        0x8 ./Periph/LCD.o
                0x200001b8                Flag8us
                0x200001bc                DisableFlag
 COMMON         0x200001c0       0xc4 ./1986BE1T/MDR32F9Qx_StdPeriph_Driver/src/USB_Library/MDR32F9Qx_usb_device.o
                0x200001c0                USB_DeviceContext
                0x200001cc                USB_CurrentSetupPacket
                0x200001d4                USB_EPContext
                0x20000284                . = ALIGN (0x4)
                0x20000284                __bss_end__ = .

.heap           0x20000288        0x0
                0x20000288                __end__ = .
                0x20000288                PROVIDE (end, .)
 *(.heap*)
 .heap          0x20000288        0x0 ./1986BE1T/CMSIS/CM1/DeviceSupport/MDR1986VE1T/startup/gcc/startup_MDR1986VE1T.o
                0x20000288                __HeapLimit = .

.stack_dummy    0x20000288      0xc00
 *(.stack*)
 .stack         0x20000288      0xc00 ./1986BE1T/CMSIS/CM1/DeviceSupport/MDR1986VE1T/startup/gcc/startup_MDR1986VE1T.o
                0x20008000                __StackTop = (ORIGIN (RAM) + 0x8000)
                0x20007400                __StackLimit = (__StackTop - SIZEOF (.stack_dummy))
                0x20008000                PROVIDE (__stack, __StackTop)
                0x00000001                ASSERT ((__StackLimit >= __HeapLimit), region RAM overflowed with stack)
OUTPUT(ADF32Pult.elf elf32-littlearm)

.debug_info     0x00000000     0xbc4d
 .debug_info    0x00000000      0x4be ./src/adc.o
 .debug_info    0x000004be      0xd52 ./src/arinc429.o
 .debug_info    0x00001210      0x160 ./src/capture.o
 .debug_info    0x00001370       0x85 ./src/cfg.o
 .debug_info    0x000013f5      0x346 ./src/controls.o
 .debug_info    0x0000173b      0x2b2 ./src/cpu.o
 .debug_info    0x000019ed      0x3fd ./src/fraquency.o
 .debug_info    0x00001dea      0x2e0 ./src/indikator.o
 .debug_info    0x000020ca      0x1ee ./src/iwdg.o
 .debug_info    0x000022b8      0x1b3 ./src/main.o
 .debug_info    0x0000246b      0x48f ./src/memory.o
 .debug_info    0x000028fa      0x49a ./src/signal.o
 .debug_info    0x00002d94      0x2df ./src/starts.o
 .debug_info    0x00003073      0x7b6 ./src/state.o
 .debug_info    0x00003829      0x1b3 ./src/status.o
 .debug_info    0x000039dc      0xd2e ./src/timer.o
 .debug_info    0x0000470a      0x630 ./Periph/LCD.o
 .debug_info    0x00004d3a     0x1232 ./1986BE1T/MDR32F9Qx_StdPeriph_Driver/src/USB_Library/MDR32F9Qx_usb_device.o
 .debug_info    0x00005f6c      0x89a ./1986BE1T/MDR32F9Qx_StdPeriph_Driver/src/MDR32F9Qx_adc.o
 .debug_info    0x00006806      0x45a ./1986BE1T/MDR32F9Qx_StdPeriph_Driver/src/MDR32F9Qx_eeprom.o
 .debug_info    0x00006c60      0x60c ./1986BE1T/MDR32F9Qx_StdPeriph_Driver/src/MDR32F9Qx_port.o
 .debug_info    0x0000726c      0xcb2 ./1986BE1T/MDR32F9Qx_StdPeriph_Driver/src/MDR32F9Qx_rst_clk.o
 .debug_info    0x00007f1e     0x190c ./1986BE1T/MDR32F9Qx_StdPeriph_Driver/src/MDR32F9Qx_timer.o
 .debug_info    0x0000982a      0xfba ./1986BE1T/MDR32F9Qx_StdPeriph_Driver/src/MDR32F9Qx_usb.o
 .debug_info    0x0000a7e4       0xa3 ./1986BE1T/CMSIS/CM1/DeviceSupport/MDR1986VE1T/startup/gcc/startup_MDR1986VE1T.o
 .debug_info    0x0000a887      0x206 ./1986BE1T/CMSIS/CM1/DeviceSupport/MDR1986VE1T/startup/system_MDR1986VE1T.o
 .debug_info    0x0000aa8d       0xa1 d:/program/eclipse_arm/tools/yagarto-20121222/bin/../lib/gcc/arm-none-eabi/4.7.2/thumb/v6m\libgcc.a(_udivsi3.o)
 .debug_info    0x0000ab2e       0xa1 d:/program/eclipse_arm/tools/yagarto-20121222/bin/../lib/gcc/arm-none-eabi/4.7.2/thumb/v6m\libgcc.a(_dvmd_tls.o)
 .debug_info    0x0000abcf       0xe1 d:/program/eclipse_arm/tools/yagarto-20121222/bin/../lib/gcc/arm-none-eabi/4.7.2/thumb/v6m\libgcc.a(_fixunssfsi.o)
 .debug_info    0x0000acb0      0x2b1 d:/program/eclipse_arm/tools/yagarto-20121222/bin/../lib/gcc/arm-none-eabi/4.7.2/thumb/v6m\libgcc.a(divsf3.o)
 .debug_info    0x0000af61      0x2b5 d:/program/eclipse_arm/tools/yagarto-20121222/bin/../lib/gcc/arm-none-eabi/4.7.2/thumb/v6m\libgcc.a(subsf3.o)
 .debug_info    0x0000b216      0x197 d:/program/eclipse_arm/tools/yagarto-20121222/bin/../lib/gcc/arm-none-eabi/4.7.2/thumb/v6m\libgcc.a(fixsfsi.o)
 .debug_info    0x0000b3ad      0x1b3 d:/program/eclipse_arm/tools/yagarto-20121222/bin/../lib/gcc/arm-none-eabi/4.7.2/thumb/v6m\libgcc.a(floatunsisf.o)
 .debug_info    0x0000b560       0xa1 d:/program/eclipse_arm/tools/yagarto-20121222/bin/../lib/gcc/arm-none-eabi/4.7.2/thumb/v6m\libgcc.a(_arm_cmpsf2.o)
 .debug_info    0x0000b601       0xa1 d:/program/eclipse_arm/tools/yagarto-20121222/bin/../lib/gcc/arm-none-eabi/4.7.2/thumb/v6m\libgcc.a(_clzsi2.o)
 .debug_info    0x0000b6a2      0x1c7 d:/program/eclipse_arm/tools/yagarto-20121222/bin/../lib/gcc/arm-none-eabi/4.7.2/thumb/v6m\libgcc.a(eqsf2.o)
 .debug_info    0x0000b869      0x1ef d:/program/eclipse_arm/tools/yagarto-20121222/bin/../lib/gcc/arm-none-eabi/4.7.2/thumb/v6m\libgcc.a(gesf2.o)
 .debug_info    0x0000ba58      0x1f5 d:/program/eclipse_arm/tools/yagarto-20121222/bin/../lib/gcc/arm-none-eabi/4.7.2/thumb/v6m\libgcc.a(lesf2.o)

.debug_abbrev   0x00000000     0x28b0
 .debug_abbrev  0x00000000      0x112 ./src/adc.o
 .debug_abbrev  0x00000112      0x22f ./src/arinc429.o
 .debug_abbrev  0x00000341       0x76 ./src/capture.o
 .debug_abbrev  0x000003b7       0x47 ./src/cfg.o
 .debug_abbrev  0x000003fe       0xfb ./src/controls.o
 .debug_abbrev  0x000004f9      0x102 ./src/cpu.o
 .debug_abbrev  0x000005fb      0x13d ./src/fraquency.o
 .debug_abbrev  0x00000738       0xe7 ./src/indikator.o
 .debug_abbrev  0x0000081f       0x93 ./src/iwdg.o
 .debug_abbrev  0x000008b2       0xd8 ./src/main.o
 .debug_abbrev  0x0000098a      0x186 ./src/memory.o
 .debug_abbrev  0x00000b10      0x148 ./src/signal.o
 .debug_abbrev  0x00000c58       0xf5 ./src/starts.o
 .debug_abbrev  0x00000d4d      0x199 ./src/state.o
 .debug_abbrev  0x00000ee6       0x69 ./src/status.o
 .debug_abbrev  0x00000f4f      0x1e5 ./src/timer.o
 .debug_abbrev  0x00001134      0x1f3 ./Periph/LCD.o
 .debug_abbrev  0x00001327      0x282 ./1986BE1T/MDR32F9Qx_StdPeriph_Driver/src/USB_Library/MDR32F9Qx_usb_device.o
 .debug_abbrev  0x000015a9      0x1c3 ./1986BE1T/MDR32F9Qx_StdPeriph_Driver/src/MDR32F9Qx_adc.o
 .debug_abbrev  0x0000176c      0x160 ./1986BE1T/MDR32F9Qx_StdPeriph_Driver/src/MDR32F9Qx_eeprom.o
 .debug_abbrev  0x000018cc      0x170 ./1986BE1T/MDR32F9Qx_StdPeriph_Driver/src/MDR32F9Qx_port.o
 .debug_abbrev  0x00001a3c      0x179 ./1986BE1T/MDR32F9Qx_StdPeriph_Driver/src/MDR32F9Qx_rst_clk.o
 .debug_abbrev  0x00001bb5      0x17c ./1986BE1T/MDR32F9Qx_StdPeriph_Driver/src/MDR32F9Qx_timer.o
 .debug_abbrev  0x00001d31      0x20b ./1986BE1T/MDR32F9Qx_StdPeriph_Driver/src/MDR32F9Qx_usb.o
 .debug_abbrev  0x00001f3c       0x14 ./1986BE1T/CMSIS/CM1/DeviceSupport/MDR1986VE1T/startup/gcc/startup_MDR1986VE1T.o
 .debug_abbrev  0x00001f50       0xd6 ./1986BE1T/CMSIS/CM1/DeviceSupport/MDR1986VE1T/startup/system_MDR1986VE1T.o
 .debug_abbrev  0x00002026       0x14 d:/program/eclipse_arm/tools/yagarto-20121222/bin/../lib/gcc/arm-none-eabi/4.7.2/thumb/v6m\libgcc.a(_udivsi3.o)
 .debug_abbrev  0x0000203a       0x14 d:/program/eclipse_arm/tools/yagarto-20121222/bin/../lib/gcc/arm-none-eabi/4.7.2/thumb/v6m\libgcc.a(_dvmd_tls.o)
 .debug_abbrev  0x0000204e       0x60 d:/program/eclipse_arm/tools/yagarto-20121222/bin/../lib/gcc/arm-none-eabi/4.7.2/thumb/v6m\libgcc.a(_fixunssfsi.o)
 .debug_abbrev  0x000020ae      0x119 d:/program/eclipse_arm/tools/yagarto-20121222/bin/../lib/gcc/arm-none-eabi/4.7.2/thumb/v6m\libgcc.a(divsf3.o)
 .debug_abbrev  0x000021c7      0x13c d:/program/eclipse_arm/tools/yagarto-20121222/bin/../lib/gcc/arm-none-eabi/4.7.2/thumb/v6m\libgcc.a(subsf3.o)
 .debug_abbrev  0x00002303      0x11b d:/program/eclipse_arm/tools/yagarto-20121222/bin/../lib/gcc/arm-none-eabi/4.7.2/thumb/v6m\libgcc.a(fixsfsi.o)
 .debug_abbrev  0x0000241e      0x119 d:/program/eclipse_arm/tools/yagarto-20121222/bin/../lib/gcc/arm-none-eabi/4.7.2/thumb/v6m\libgcc.a(floatunsisf.o)
 .debug_abbrev  0x00002537       0x14 d:/program/eclipse_arm/tools/yagarto-20121222/bin/../lib/gcc/arm-none-eabi/4.7.2/thumb/v6m\libgcc.a(_arm_cmpsf2.o)
 .debug_abbrev  0x0000254b       0x14 d:/program/eclipse_arm/tools/yagarto-20121222/bin/../lib/gcc/arm-none-eabi/4.7.2/thumb/v6m\libgcc.a(_clzsi2.o)
 .debug_abbrev  0x0000255f      0x11b d:/program/eclipse_arm/tools/yagarto-20121222/bin/../lib/gcc/arm-none-eabi/4.7.2/thumb/v6m\libgcc.a(eqsf2.o)
 .debug_abbrev  0x0000267a      0x11b d:/program/eclipse_arm/tools/yagarto-20121222/bin/../lib/gcc/arm-none-eabi/4.7.2/thumb/v6m\libgcc.a(gesf2.o)
 .debug_abbrev  0x00002795      0x11b d:/program/eclipse_arm/tools/yagarto-20121222/bin/../lib/gcc/arm-none-eabi/4.7.2/thumb/v6m\libgcc.a(lesf2.o)

.debug_loc      0x00000000     0x627c
 .debug_loc     0x00000000       0xa8 ./src/adc.o
 .debug_loc     0x000000a8      0x264 ./src/arinc429.o
 .debug_loc     0x0000030c       0x2c ./src/capture.o
 .debug_loc     0x00000338      0x138 ./src/controls.o
 .debug_loc     0x00000470       0x90 ./src/cpu.o
 .debug_loc     0x00000500      0x100 ./src/fraquency.o
 .debug_loc     0x00000600       0xa8 ./src/indikator.o
 .debug_loc     0x000006a8       0x58 ./src/iwdg.o
 .debug_loc     0x00000700       0x64 ./src/main.o
 .debug_loc     0x00000764      0x2c8 ./src/memory.o
 .debug_loc     0x00000a2c      0x120 ./src/signal.o
 .debug_loc     0x00000b4c       0x70 ./src/starts.o
 .debug_loc     0x00000bbc      0x1b4 ./src/state.o
 .debug_loc     0x00000d70      0x1f0 ./src/timer.o
 .debug_loc     0x00000f60      0x3bc ./Periph/LCD.o
 .debug_loc     0x0000131c      0x7e4 ./1986BE1T/MDR32F9Qx_StdPeriph_Driver/src/USB_Library/MDR32F9Qx_usb_device.o
 .debug_loc     0x00001b00      0x594 ./1986BE1T/MDR32F9Qx_StdPeriph_Driver/src/MDR32F9Qx_adc.o
 .debug_loc     0x00002094      0x230 ./1986BE1T/MDR32F9Qx_StdPeriph_Driver/src/MDR32F9Qx_eeprom.o
 .debug_loc     0x000022c4      0x1fa ./1986BE1T/MDR32F9Qx_StdPeriph_Driver/src/MDR32F9Qx_port.o
 .debug_loc     0x000024be      0x7ca ./1986BE1T/MDR32F9Qx_StdPeriph_Driver/src/MDR32F9Qx_rst_clk.o
 .debug_loc     0x00002c88      0xc40 ./1986BE1T/MDR32F9Qx_StdPeriph_Driver/src/MDR32F9Qx_timer.o
 .debug_loc     0x000038c8      0xbdc ./1986BE1T/MDR32F9Qx_StdPeriph_Driver/src/MDR32F9Qx_usb.o
 .debug_loc     0x000044a4       0x64 ./1986BE1T/CMSIS/CM1/DeviceSupport/MDR1986VE1T/startup/system_MDR1986VE1T.o
 .debug_loc     0x00004508       0x59 d:/program/eclipse_arm/tools/yagarto-20121222/bin/../lib/gcc/arm-none-eabi/4.7.2/thumb/v6m\libgcc.a(_fixunssfsi.o)
 .debug_loc     0x00004561      0x793 d:/program/eclipse_arm/tools/yagarto-20121222/bin/../lib/gcc/arm-none-eabi/4.7.2/thumb/v6m\libgcc.a(divsf3.o)
 .debug_loc     0x00004cf4      0xdc4 d:/program/eclipse_arm/tools/yagarto-20121222/bin/../lib/gcc/arm-none-eabi/4.7.2/thumb/v6m\libgcc.a(subsf3.o)
 .debug_loc     0x00005ab8       0xe3 d:/program/eclipse_arm/tools/yagarto-20121222/bin/../lib/gcc/arm-none-eabi/4.7.2/thumb/v6m\libgcc.a(fixsfsi.o)
 .debug_loc     0x00005b9b      0x27e d:/program/eclipse_arm/tools/yagarto-20121222/bin/../lib/gcc/arm-none-eabi/4.7.2/thumb/v6m\libgcc.a(floatunsisf.o)
 .debug_loc     0x00005e19       0xf5 d:/program/eclipse_arm/tools/yagarto-20121222/bin/../lib/gcc/arm-none-eabi/4.7.2/thumb/v6m\libgcc.a(eqsf2.o)
 .debug_loc     0x00005f0e      0x19f d:/program/eclipse_arm/tools/yagarto-20121222/bin/../lib/gcc/arm-none-eabi/4.7.2/thumb/v6m\libgcc.a(gesf2.o)
 .debug_loc     0x000060ad      0x1cf d:/program/eclipse_arm/tools/yagarto-20121222/bin/../lib/gcc/arm-none-eabi/4.7.2/thumb/v6m\libgcc.a(lesf2.o)

.debug_aranges  0x00000000      0xe60
 .debug_aranges
                0x00000000       0x30 ./src/adc.o
 .debug_aranges
                0x00000030       0x78 ./src/arinc429.o
 .debug_aranges
                0x000000a8       0x20 ./src/capture.o
 .debug_aranges
                0x000000c8       0x18 ./src/cfg.o
 .debug_aranges
                0x000000e0       0x48 ./src/controls.o
 .debug_aranges
                0x00000128       0x30 ./src/cpu.o
 .debug_aranges
                0x00000158       0x40 ./src/fraquency.o
 .debug_aranges
                0x00000198       0x30 ./src/indikator.o
 .debug_aranges
                0x000001c8       0x28 ./src/iwdg.o
 .debug_aranges
                0x000001f0       0x28 ./src/main.o
 .debug_aranges
                0x00000218       0x88 ./src/memory.o
 .debug_aranges
                0x000002a0       0x48 ./src/signal.o
 .debug_aranges
                0x000002e8       0x28 ./src/starts.o
 .debug_aranges
                0x00000310       0x58 ./src/state.o
 .debug_aranges
                0x00000368       0x18 ./src/status.o
 .debug_aranges
                0x00000380       0x60 ./src/timer.o
 .debug_aranges
                0x000003e0       0xb0 ./Periph/LCD.o
 .debug_aranges
                0x00000490      0x148 ./1986BE1T/MDR32F9Qx_StdPeriph_Driver/src/USB_Library/MDR32F9Qx_usb_device.o
 .debug_aranges
                0x000005d8       0xf0 ./1986BE1T/MDR32F9Qx_StdPeriph_Driver/src/MDR32F9Qx_adc.o
 .debug_aranges
                0x000006c8       0x68 ./1986BE1T/MDR32F9Qx_StdPeriph_Driver/src/MDR32F9Qx_eeprom.o
 .debug_aranges
                0x00000730       0x60 ./1986BE1T/MDR32F9Qx_StdPeriph_Driver/src/MDR32F9Qx_port.o
 .debug_aranges
                0x00000790      0x138 ./1986BE1T/MDR32F9Qx_StdPeriph_Driver/src/MDR32F9Qx_rst_clk.o
 .debug_aranges
                0x000008c8      0x1d8 ./1986BE1T/MDR32F9Qx_StdPeriph_Driver/src/MDR32F9Qx_timer.o
 .debug_aranges
                0x00000aa0      0x1f8 ./1986BE1T/MDR32F9Qx_StdPeriph_Driver/src/MDR32F9Qx_usb.o
 .debug_aranges
                0x00000c98       0x20 ./1986BE1T/CMSIS/CM1/DeviceSupport/MDR1986VE1T/startup/gcc/startup_MDR1986VE1T.o
 .debug_aranges
                0x00000cb8       0x28 ./1986BE1T/CMSIS/CM1/DeviceSupport/MDR1986VE1T/startup/system_MDR1986VE1T.o
 .debug_aranges
                0x00000ce0       0x20 d:/program/eclipse_arm/tools/yagarto-20121222/bin/../lib/gcc/arm-none-eabi/4.7.2/thumb/v6m\libgcc.a(_udivsi3.o)
 .debug_aranges
                0x00000d00       0x20 d:/program/eclipse_arm/tools/yagarto-20121222/bin/../lib/gcc/arm-none-eabi/4.7.2/thumb/v6m\libgcc.a(_dvmd_tls.o)
 .debug_aranges
                0x00000d20       0x20 d:/program/eclipse_arm/tools/yagarto-20121222/bin/../lib/gcc/arm-none-eabi/4.7.2/thumb/v6m\libgcc.a(_fixunssfsi.o)
 .debug_aranges
                0x00000d40       0x20 d:/program/eclipse_arm/tools/yagarto-20121222/bin/../lib/gcc/arm-none-eabi/4.7.2/thumb/v6m\libgcc.a(divsf3.o)
 .debug_aranges
                0x00000d60       0x20 d:/program/eclipse_arm/tools/yagarto-20121222/bin/../lib/gcc/arm-none-eabi/4.7.2/thumb/v6m\libgcc.a(subsf3.o)
 .debug_aranges
                0x00000d80       0x20 d:/program/eclipse_arm/tools/yagarto-20121222/bin/../lib/gcc/arm-none-eabi/4.7.2/thumb/v6m\libgcc.a(fixsfsi.o)
 .debug_aranges
                0x00000da0       0x20 d:/program/eclipse_arm/tools/yagarto-20121222/bin/../lib/gcc/arm-none-eabi/4.7.2/thumb/v6m\libgcc.a(floatunsisf.o)
 .debug_aranges
                0x00000dc0       0x20 d:/program/eclipse_arm/tools/yagarto-20121222/bin/../lib/gcc/arm-none-eabi/4.7.2/thumb/v6m\libgcc.a(_arm_cmpsf2.o)
 .debug_aranges
                0x00000de0       0x20 d:/program/eclipse_arm/tools/yagarto-20121222/bin/../lib/gcc/arm-none-eabi/4.7.2/thumb/v6m\libgcc.a(_clzsi2.o)
 .debug_aranges
                0x00000e00       0x20 d:/program/eclipse_arm/tools/yagarto-20121222/bin/../lib/gcc/arm-none-eabi/4.7.2/thumb/v6m\libgcc.a(eqsf2.o)
 .debug_aranges
                0x00000e20       0x20 d:/program/eclipse_arm/tools/yagarto-20121222/bin/../lib/gcc/arm-none-eabi/4.7.2/thumb/v6m\libgcc.a(gesf2.o)
 .debug_aranges
                0x00000e40       0x20 d:/program/eclipse_arm/tools/yagarto-20121222/bin/../lib/gcc/arm-none-eabi/4.7.2/thumb/v6m\libgcc.a(lesf2.o)

.debug_ranges   0x00000000      0xda0
 .debug_ranges  0x00000000       0x20 ./src/adc.o
 .debug_ranges  0x00000020       0x68 ./src/arinc429.o
 .debug_ranges  0x00000088       0x10 ./src/capture.o
 .debug_ranges  0x00000098       0x38 ./src/controls.o
 .debug_ranges  0x000000d0       0x20 ./src/cpu.o
 .debug_ranges  0x000000f0       0x30 ./src/fraquency.o
 .debug_ranges  0x00000120       0x20 ./src/indikator.o
 .debug_ranges  0x00000140       0x18 ./src/iwdg.o
 .debug_ranges  0x00000158       0x18 ./src/main.o
 .debug_ranges  0x00000170       0x78 ./src/memory.o
 .debug_ranges  0x000001e8       0x38 ./src/signal.o
 .debug_ranges  0x00000220       0x18 ./src/starts.o
 .debug_ranges  0x00000238       0x48 ./src/state.o
 .debug_ranges  0x00000280       0x50 ./src/timer.o
 .debug_ranges  0x000002d0       0xa0 ./Periph/LCD.o
 .debug_ranges  0x00000370      0x150 ./1986BE1T/MDR32F9Qx_StdPeriph_Driver/src/USB_Library/MDR32F9Qx_usb_device.o
 .debug_ranges  0x000004c0       0xe0 ./1986BE1T/MDR32F9Qx_StdPeriph_Driver/src/MDR32F9Qx_adc.o
 .debug_ranges  0x000005a0       0x58 ./1986BE1T/MDR32F9Qx_StdPeriph_Driver/src/MDR32F9Qx_eeprom.o
 .debug_ranges  0x000005f8       0x50 ./1986BE1T/MDR32F9Qx_StdPeriph_Driver/src/MDR32F9Qx_port.o
 .debug_ranges  0x00000648      0x128 ./1986BE1T/MDR32F9Qx_StdPeriph_Driver/src/MDR32F9Qx_rst_clk.o
 .debug_ranges  0x00000770      0x1c8 ./1986BE1T/MDR32F9Qx_StdPeriph_Driver/src/MDR32F9Qx_timer.o
 .debug_ranges  0x00000938      0x1e8 ./1986BE1T/MDR32F9Qx_StdPeriph_Driver/src/MDR32F9Qx_usb.o
 .debug_ranges  0x00000b20       0x18 ./1986BE1T/CMSIS/CM1/DeviceSupport/MDR1986VE1T/startup/system_MDR1986VE1T.o
 .debug_ranges  0x00000b38       0x30 d:/program/eclipse_arm/tools/yagarto-20121222/bin/../lib/gcc/arm-none-eabi/4.7.2/thumb/v6m\libgcc.a(divsf3.o)
 .debug_ranges  0x00000b68      0x108 d:/program/eclipse_arm/tools/yagarto-20121222/bin/../lib/gcc/arm-none-eabi/4.7.2/thumb/v6m\libgcc.a(subsf3.o)
 .debug_ranges  0x00000c70       0x18 d:/program/eclipse_arm/tools/yagarto-20121222/bin/../lib/gcc/arm-none-eabi/4.7.2/thumb/v6m\libgcc.a(fixsfsi.o)
 .debug_ranges  0x00000c88       0x20 d:/program/eclipse_arm/tools/yagarto-20121222/bin/../lib/gcc/arm-none-eabi/4.7.2/thumb/v6m\libgcc.a(floatunsisf.o)
 .debug_ranges  0x00000ca8       0x48 d:/program/eclipse_arm/tools/yagarto-20121222/bin/../lib/gcc/arm-none-eabi/4.7.2/thumb/v6m\libgcc.a(eqsf2.o)
 .debug_ranges  0x00000cf0       0x68 d:/program/eclipse_arm/tools/yagarto-20121222/bin/../lib/gcc/arm-none-eabi/4.7.2/thumb/v6m\libgcc.a(gesf2.o)
 .debug_ranges  0x00000d58       0x48 d:/program/eclipse_arm/tools/yagarto-20121222/bin/../lib/gcc/arm-none-eabi/4.7.2/thumb/v6m\libgcc.a(lesf2.o)

.debug_macro    0x00000000     0x83a8
 .debug_macro   0x00000000       0xda ./src/adc.o
 .debug_macro   0x000000da      0x7de ./src/adc.o
 .debug_macro   0x000008b8      0x214 ./src/adc.o
 .debug_macro   0x00000acc       0x22 ./src/adc.o
 .debug_macro   0x00000aee       0x16 ./src/adc.o
 .debug_macro   0x00000b04       0xc4 ./src/adc.o
 .debug_macro   0x00000bc8       0xa5 ./src/adc.o
 .debug_macro   0x00000c6d       0x3a ./src/adc.o
 .debug_macro   0x00000ca7       0x1f ./src/adc.o
 .debug_macro   0x00000cc6      0x242 ./src/adc.o
 .debug_macro   0x00000f08     0x3ca8 ./src/adc.o
 .debug_macro   0x00004bb0      0x554 ./src/adc.o
 .debug_macro   0x00005104       0xe5 ./src/adc.o
 .debug_macro   0x000051e9      0x336 ./src/adc.o
 .debug_macro   0x0000551f       0x34 ./src/adc.o
 .debug_macro   0x00005553      0x10b ./src/arinc429.o
 .debug_macro   0x0000565e      0x130 ./src/arinc429.o
 .debug_macro   0x0000578e       0x5e ./src/arinc429.o
 .debug_macro   0x000057ec      0x424 ./src/arinc429.o
 .debug_macro   0x00005c10       0x9a ./src/arinc429.o
 .debug_macro   0x00005caa       0x88 ./src/arinc429.o
 .debug_macro   0x00005d32       0x33 ./src/capture.o
 .debug_macro   0x00005d65       0x94 ./src/capture.o
 .debug_macro   0x00005df9       0x33 ./src/cfg.o
 .debug_macro   0x00005e2c       0x2e ./src/cfg.o
 .debug_macro   0x00005e5a       0x6d ./src/controls.o
 .debug_macro   0x00005ec7       0x76 ./src/controls.o
 .debug_macro   0x00005f3d       0xb4 ./src/cpu.o
 .debug_macro   0x00005ff1       0x7e ./src/fraquency.o
 .debug_macro   0x0000606f      0x12a ./src/fraquency.o
 .debug_macro   0x00006199       0x1c ./src/fraquency.o
 .debug_macro   0x000061b5       0x55 ./src/indikator.o
 .debug_macro   0x0000620a       0x16 ./src/indikator.o
 .debug_macro   0x00006220       0x9c ./src/iwdg.o
 .debug_macro   0x000062bc       0xd4 ./src/main.o
 .debug_macro   0x00006390       0x10 ./src/main.o
 .debug_macro   0x000063a0       0x10 ./src/main.o
 .debug_macro   0x000063b0       0x10 ./src/main.o
 .debug_macro   0x000063c0       0xb8 ./src/memory.o
 .debug_macro   0x00006478       0x70 ./src/memory.o
 .debug_macro   0x000064e8       0x6a ./src/memory.o
 .debug_macro   0x00006552       0x7c ./src/signal.o
 .debug_macro   0x000065ce       0x6b ./src/starts.o
 .debug_macro   0x00006639       0xcb ./src/state.o
 .debug_macro   0x00006704       0x19 ./src/state.o
 .debug_macro   0x0000671d       0x63 ./src/status.o
 .debug_macro   0x00006780      0x103 ./src/timer.o
 .debug_macro   0x00006883       0xdf ./src/timer.o
 .debug_macro   0x00006962      0x55a ./src/timer.o
 .debug_macro   0x00006ebc       0xb9 ./Periph/LCD.o
 .debug_macro   0x00006f75       0xa6 ./Periph/LCD.o
 .debug_macro   0x0000701b       0xf7 ./1986BE1T/MDR32F9Qx_StdPeriph_Driver/src/USB_Library/MDR32F9Qx_usb_device.o
 .debug_macro   0x00007112      0x5df ./1986BE1T/MDR32F9Qx_StdPeriph_Driver/src/USB_Library/MDR32F9Qx_usb_device.o
 .debug_macro   0x000076f1       0x9d ./1986BE1T/MDR32F9Qx_StdPeriph_Driver/src/MDR32F9Qx_adc.o
 .debug_macro   0x0000778e      0x330 ./1986BE1T/MDR32F9Qx_StdPeriph_Driver/src/MDR32F9Qx_adc.o
 .debug_macro   0x00007abe       0xbb ./1986BE1T/MDR32F9Qx_StdPeriph_Driver/src/MDR32F9Qx_eeprom.o
 .debug_macro   0x00007b79       0x9d ./1986BE1T/MDR32F9Qx_StdPeriph_Driver/src/MDR32F9Qx_port.o
 .debug_macro   0x00007c16      0x1a1 ./1986BE1T/MDR32F9Qx_StdPeriph_Driver/src/MDR32F9Qx_rst_clk.o
 .debug_macro   0x00007db7       0x9d ./1986BE1T/MDR32F9Qx_StdPeriph_Driver/src/MDR32F9Qx_timer.o
 .debug_macro   0x00007e54      0x41e ./1986BE1T/MDR32F9Qx_StdPeriph_Driver/src/MDR32F9Qx_timer.o
 .debug_macro   0x00008272       0xb2 ./1986BE1T/MDR32F9Qx_StdPeriph_Driver/src/MDR32F9Qx_usb.o
 .debug_macro   0x00008324       0x84 ./1986BE1T/CMSIS/CM1/DeviceSupport/MDR1986VE1T/startup/system_MDR1986VE1T.o

.debug_line     0x00000000     0x71af
 .debug_line    0x00000000      0x40a ./src/adc.o
 .debug_line    0x0000040a      0x4dc ./src/arinc429.o
 .debug_line    0x000008e6      0x132 ./src/capture.o
 .debug_line    0x00000a18      0x104 ./src/cfg.o
 .debug_line    0x00000b1c      0x1e6 ./src/controls.o
 .debug_line    0x00000d02      0x379 ./src/cpu.o
 .debug_line    0x0000107b      0x28a ./src/fraquency.o
 .debug_line    0x00001305      0x182 ./src/indikator.o
 .debug_line    0x00001487      0x32a ./src/iwdg.o
 .debug_line    0x000017b1      0x240 ./src/main.o
 .debug_line    0x000019f1      0x49d ./src/memory.o
 .debug_line    0x00001e8e      0x243 ./src/signal.o
 .debug_line    0x000020d1      0x1b6 ./src/starts.o
 .debug_line    0x00002287      0x4a2 ./src/state.o
 .debug_line    0x00002729      0x13d ./src/status.o
 .debug_line    0x00002866      0x4d6 ./src/timer.o
 .debug_line    0x00002d3c      0x559 ./Periph/LCD.o
 .debug_line    0x00003295      0x9a7 ./1986BE1T/MDR32F9Qx_StdPeriph_Driver/src/USB_Library/MDR32F9Qx_usb_device.o
 .debug_line    0x00003c3c      0x593 ./1986BE1T/MDR32F9Qx_StdPeriph_Driver/src/MDR32F9Qx_adc.o
 .debug_line    0x000041cf      0x611 ./1986BE1T/MDR32F9Qx_StdPeriph_Driver/src/MDR32F9Qx_eeprom.o
 .debug_line    0x000047e0      0x41f ./1986BE1T/MDR32F9Qx_StdPeriph_Driver/src/MDR32F9Qx_port.o
 .debug_line    0x00004bff      0x743 ./1986BE1T/MDR32F9Qx_StdPeriph_Driver/src/MDR32F9Qx_rst_clk.o
 .debug_line    0x00005342      0x87a ./1986BE1T/MDR32F9Qx_StdPeriph_Driver/src/MDR32F9Qx_timer.o
 .debug_line    0x00005bbc      0x7ae ./1986BE1T/MDR32F9Qx_StdPeriph_Driver/src/MDR32F9Qx_usb.o
 .debug_line    0x0000636a       0xad ./1986BE1T/CMSIS/CM1/DeviceSupport/MDR1986VE1T/startup/gcc/startup_MDR1986VE1T.o
 .debug_line    0x00006417      0x371 ./1986BE1T/CMSIS/CM1/DeviceSupport/MDR1986VE1T/startup/system_MDR1986VE1T.o
 .debug_line    0x00006788       0x7f d:/program/eclipse_arm/tools/yagarto-20121222/bin/../lib/gcc/arm-none-eabi/4.7.2/thumb/v6m\libgcc.a(_udivsi3.o)
 .debug_line    0x00006807       0x67 d:/program/eclipse_arm/tools/yagarto-20121222/bin/../lib/gcc/arm-none-eabi/4.7.2/thumb/v6m\libgcc.a(_dvmd_tls.o)
 .debug_line    0x0000686e       0x6f d:/program/eclipse_arm/tools/yagarto-20121222/bin/../lib/gcc/arm-none-eabi/4.7.2/thumb/v6m\libgcc.a(_fixunssfsi.o)
 .debug_line    0x000068dd      0x153 d:/program/eclipse_arm/tools/yagarto-20121222/bin/../lib/gcc/arm-none-eabi/4.7.2/thumb/v6m\libgcc.a(divsf3.o)
 .debug_line    0x00006a30      0x2c0 d:/program/eclipse_arm/tools/yagarto-20121222/bin/../lib/gcc/arm-none-eabi/4.7.2/thumb/v6m\libgcc.a(subsf3.o)
 .debug_line    0x00006cf0       0xa0 d:/program/eclipse_arm/tools/yagarto-20121222/bin/../lib/gcc/arm-none-eabi/4.7.2/thumb/v6m\libgcc.a(fixsfsi.o)
 .debug_line    0x00006d90       0xcd d:/program/eclipse_arm/tools/yagarto-20121222/bin/../lib/gcc/arm-none-eabi/4.7.2/thumb/v6m\libgcc.a(floatunsisf.o)
 .debug_line    0x00006e5d       0x7c d:/program/eclipse_arm/tools/yagarto-20121222/bin/../lib/gcc/arm-none-eabi/4.7.2/thumb/v6m\libgcc.a(_arm_cmpsf2.o)
 .debug_line    0x00006ed9       0x7b d:/program/eclipse_arm/tools/yagarto-20121222/bin/../lib/gcc/arm-none-eabi/4.7.2/thumb/v6m\libgcc.a(_clzsi2.o)
 .debug_line    0x00006f54       0xa9 d:/program/eclipse_arm/tools/yagarto-20121222/bin/../lib/gcc/arm-none-eabi/4.7.2/thumb/v6m\libgcc.a(eqsf2.o)
 .debug_line    0x00006ffd       0xda d:/program/eclipse_arm/tools/yagarto-20121222/bin/../lib/gcc/arm-none-eabi/4.7.2/thumb/v6m\libgcc.a(gesf2.o)
 .debug_line    0x000070d7       0xd8 d:/program/eclipse_arm/tools/yagarto-20121222/bin/../lib/gcc/arm-none-eabi/4.7.2/thumb/v6m\libgcc.a(lesf2.o)

.debug_str      0x00000000    0x2b704
 .debug_str     0x00000000    0x1d2d4 ./src/adc.o
                              0x1d398 (size before relaxing)
 .debug_str     0x0001d2d4     0x4d65 ./src/arinc429.o
                              0x1f403 (size before relaxing)
 .debug_str     0x00022039       0xce ./src/capture.o
                               0x2d2c (size before relaxing)
 .debug_str     0x00022107        0xd ./src/cfg.o
                               0x2ab7 (size before relaxing)
 .debug_str     0x00022114      0x760 ./src/controls.o
                               0x3d69 (size before relaxing)
 .debug_str     0x00022874      0x16d ./src/cpu.o
                              0x1a6c1 (size before relaxing)
 .debug_str     0x000229e1      0x1f0 ./src/fraquency.o
                               0x400f (size before relaxing)
 .debug_str     0x00022bd1      0x244 ./src/indikator.o
                               0x3905 (size before relaxing)
 .debug_str     0x00022e15       0xc7 ./src/iwdg.o
                              0x178f9 (size before relaxing)
 .debug_str     0x00022edc       0xbd ./src/main.o
                               0x416f (size before relaxing)
 .debug_str     0x00022f99      0x53b ./src/memory.o
                              0x181e9 (size before relaxing)
 .debug_str     0x000234d4      0x112 ./src/signal.o
                               0x3efa (size before relaxing)
 .debug_str     0x000235e6       0xa7 ./src/starts.o
                               0x3d02 (size before relaxing)
 .debug_str     0x0002368d      0x3c2 ./src/state.o
                              0x1bfd4 (size before relaxing)
 .debug_str     0x00023a4f       0x10 ./src/status.o
                               0x38d4 (size before relaxing)
 .debug_str     0x00023a5f      0x257 ./src/timer.o
                              0x1f8ea (size before relaxing)
 .debug_str     0x00023cb6      0x76a ./Periph/LCD.o
                              0x1800e (size before relaxing)
 .debug_str     0x00024420     0x4fd8 ./1986BE1T/MDR32F9Qx_StdPeriph_Driver/src/USB_Library/MDR32F9Qx_usb_device.o
                              0x1f70a (size before relaxing)
 .debug_str     0x000293f8      0x448 ./1986BE1T/MDR32F9Qx_StdPeriph_Driver/src/MDR32F9Qx_adc.o
                              0x19e54 (size before relaxing)
 .debug_str     0x00029840      0x24c ./1986BE1T/MDR32F9Qx_StdPeriph_Driver/src/MDR32F9Qx_eeprom.o
                              0x17d7f (size before relaxing)
 .debug_str     0x00029a8c      0x1a4 ./1986BE1T/MDR32F9Qx_StdPeriph_Driver/src/MDR32F9Qx_port.o
                              0x1844f (size before relaxing)
 .debug_str     0x00029c30      0xc0d ./1986BE1T/MDR32F9Qx_StdPeriph_Driver/src/MDR32F9Qx_rst_clk.o
                              0x1b17d (size before relaxing)
 .debug_str     0x0002a83d      0x79a ./1986BE1T/MDR32F9Qx_StdPeriph_Driver/src/MDR32F9Qx_timer.o
                              0x1b6a4 (size before relaxing)
 .debug_str     0x0002afd7      0x4da ./1986BE1T/MDR32F9Qx_StdPeriph_Driver/src/MDR32F9Qx_usb.o
                              0x1e567 (size before relaxing)
 .debug_str     0x0002b4b1       0x7e ./1986BE1T/CMSIS/CM1/DeviceSupport/MDR1986VE1T/startup/system_MDR1986VE1T.o
                              0x178dc (size before relaxing)
 .debug_str     0x0002b52f       0xa5 d:/program/eclipse_arm/tools/yagarto-20121222/bin/../lib/gcc/arm-none-eabi/4.7.2/thumb/v6m\libgcc.a(_fixunssfsi.o)
                                0x157 (size before relaxing)
 .debug_str     0x0002b5d4       0x42 d:/program/eclipse_arm/tools/yagarto-20121222/bin/../lib/gcc/arm-none-eabi/4.7.2/thumb/v6m\libgcc.a(divsf3.o)
                                0x11d (size before relaxing)
 .debug_str     0x0002b616       0x51 d:/program/eclipse_arm/tools/yagarto-20121222/bin/../lib/gcc/arm-none-eabi/4.7.2/thumb/v6m\libgcc.a(subsf3.o)
                                0x150 (size before relaxing)
 .debug_str     0x0002b667       0x1f d:/program/eclipse_arm/tools/yagarto-20121222/bin/../lib/gcc/arm-none-eabi/4.7.2/thumb/v6m\libgcc.a(fixsfsi.o)
                                0x128 (size before relaxing)
 .debug_str     0x0002b686       0x28 d:/program/eclipse_arm/tools/yagarto-20121222/bin/../lib/gcc/arm-none-eabi/4.7.2/thumb/v6m\libgcc.a(floatunsisf.o)
                                0x12a (size before relaxing)
 .debug_str     0x0002b6ae       0x1e d:/program/eclipse_arm/tools/yagarto-20121222/bin/../lib/gcc/arm-none-eabi/4.7.2/thumb/v6m\libgcc.a(eqsf2.o)
                                0x118 (size before relaxing)
 .debug_str     0x0002b6cc       0x28 d:/program/eclipse_arm/tools/yagarto-20121222/bin/../lib/gcc/arm-none-eabi/4.7.2/thumb/v6m\libgcc.a(gesf2.o)
                                0x130 (size before relaxing)
 .debug_str     0x0002b6f4       0x10 d:/program/eclipse_arm/tools/yagarto-20121222/bin/../lib/gcc/arm-none-eabi/4.7.2/thumb/v6m\libgcc.a(lesf2.o)
                                0x130 (size before relaxing)

.comment        0x00000000       0x11
 .comment       0x00000000       0x11 ./src/adc.o
                                 0x12 (size before relaxing)
 .comment       0x00000000       0x12 ./src/arinc429.o
 .comment       0x00000000       0x12 ./src/capture.o
 .comment       0x00000000       0x12 ./src/cfg.o
 .comment       0x00000000       0x12 ./src/controls.o
 .comment       0x00000000       0x12 ./src/cpu.o
 .comment       0x00000000       0x12 ./src/fraquency.o
 .comment       0x00000000       0x12 ./src/indikator.o
 .comment       0x00000000       0x12 ./src/iwdg.o
 .comment       0x00000000       0x12 ./src/main.o
 .comment       0x00000000       0x12 ./src/memory.o
 .comment       0x00000000       0x12 ./src/signal.o
 .comment       0x00000000       0x12 ./src/starts.o
 .comment       0x00000000       0x12 ./src/state.o
 .comment       0x00000000       0x12 ./src/status.o
 .comment       0x00000000       0x12 ./src/timer.o
 .comment       0x00000000       0x12 ./Periph/LCD.o
 .comment       0x00000000       0x12 ./1986BE1T/MDR32F9Qx_StdPeriph_Driver/src/USB_Library/MDR32F9Qx_usb_device.o
 .comment       0x00000000       0x12 ./1986BE1T/MDR32F9Qx_StdPeriph_Driver/src/MDR32F9Qx_adc.o
 .comment       0x00000000       0x12 ./1986BE1T/MDR32F9Qx_StdPeriph_Driver/src/MDR32F9Qx_eeprom.o
 .comment       0x00000000       0x12 ./1986BE1T/MDR32F9Qx_StdPeriph_Driver/src/MDR32F9Qx_port.o
 .comment       0x00000000       0x12 ./1986BE1T/MDR32F9Qx_StdPeriph_Driver/src/MDR32F9Qx_rst_clk.o
 .comment       0x00000000       0x12 ./1986BE1T/MDR32F9Qx_StdPeriph_Driver/src/MDR32F9Qx_timer.o
 .comment       0x00000000       0x12 ./1986BE1T/MDR32F9Qx_StdPeriph_Driver/src/MDR32F9Qx_usb.o
 .comment       0x00000000       0x12 ./1986BE1T/CMSIS/CM1/DeviceSupport/MDR1986VE1T/startup/system_MDR1986VE1T.o
 .comment       0x00000000       0x12 d:/program/eclipse_arm/tools/yagarto-20121222/bin/../lib/gcc/arm-none-eabi/4.7.2/thumb/v6m\libgcc.a(_fixunssfsi.o)
 .comment       0x00000000       0x12 d:/program/eclipse_arm/tools/yagarto-20121222/bin/../lib/gcc/arm-none-eabi/4.7.2/thumb/v6m\libgcc.a(divsf3.o)
 .comment       0x00000000       0x12 d:/program/eclipse_arm/tools/yagarto-20121222/bin/../lib/gcc/arm-none-eabi/4.7.2/thumb/v6m\libgcc.a(subsf3.o)
 .comment       0x00000000       0x12 d:/program/eclipse_arm/tools/yagarto-20121222/bin/../lib/gcc/arm-none-eabi/4.7.2/thumb/v6m\libgcc.a(fixsfsi.o)
 .comment       0x00000000       0x12 d:/program/eclipse_arm/tools/yagarto-20121222/bin/../lib/gcc/arm-none-eabi/4.7.2/thumb/v6m\libgcc.a(floatunsisf.o)
 .comment       0x00000000       0x12 d:/program/eclipse_arm/tools/yagarto-20121222/bin/../lib/gcc/arm-none-eabi/4.7.2/thumb/v6m\libgcc.a(eqsf2.o)
 .comment       0x00000000       0x12 d:/program/eclipse_arm/tools/yagarto-20121222/bin/../lib/gcc/arm-none-eabi/4.7.2/thumb/v6m\libgcc.a(gesf2.o)
 .comment       0x00000000       0x12 d:/program/eclipse_arm/tools/yagarto-20121222/bin/../lib/gcc/arm-none-eabi/4.7.2/thumb/v6m\libgcc.a(lesf2.o)

.ARM.attributes
                0x00000000       0x2f
 .ARM.attributes
                0x00000000       0x31 ./src/adc.o
 .ARM.attributes
                0x00000031       0x31 ./src/arinc429.o
 .ARM.attributes
                0x00000062       0x31 ./src/capture.o
 .ARM.attributes
                0x00000093       0x31 ./src/cfg.o
 .ARM.attributes
                0x000000c4       0x31 ./src/controls.o
 .ARM.attributes
                0x000000f5       0x31 ./src/cpu.o
 .ARM.attributes
                0x00000126       0x31 ./src/fraquency.o
 .ARM.attributes
                0x00000157       0x31 ./src/indikator.o
 .ARM.attributes
                0x00000188       0x31 ./src/iwdg.o
 .ARM.attributes
                0x000001b9       0x31 ./src/main.o
 .ARM.attributes
                0x000001ea       0x31 ./src/memory.o
 .ARM.attributes
                0x0000021b       0x31 ./src/signal.o
 .ARM.attributes
                0x0000024c       0x31 ./src/starts.o
 .ARM.attributes
                0x0000027d       0x31 ./src/state.o
 .ARM.attributes
                0x000002ae       0x31 ./src/status.o
 .ARM.attributes
                0x000002df       0x31 ./src/timer.o
 .ARM.attributes
                0x00000310       0x31 ./Periph/LCD.o
 .ARM.attributes
                0x00000341       0x31 ./1986BE1T/MDR32F9Qx_StdPeriph_Driver/src/USB_Library/MDR32F9Qx_usb_device.o
 .ARM.attributes
                0x00000372       0x31 ./1986BE1T/MDR32F9Qx_StdPeriph_Driver/src/MDR32F9Qx_adc.o
 .ARM.attributes
                0x000003a3       0x31 ./1986BE1T/MDR32F9Qx_StdPeriph_Driver/src/MDR32F9Qx_eeprom.o
 .ARM.attributes
                0x000003d4       0x31 ./1986BE1T/MDR32F9Qx_StdPeriph_Driver/src/MDR32F9Qx_port.o
 .ARM.attributes
                0x00000405       0x31 ./1986BE1T/MDR32F9Qx_StdPeriph_Driver/src/MDR32F9Qx_rst_clk.o
 .ARM.attributes
                0x00000436       0x31 ./1986BE1T/MDR32F9Qx_StdPeriph_Driver/src/MDR32F9Qx_timer.o
 .ARM.attributes
                0x00000467       0x31 ./1986BE1T/MDR32F9Qx_StdPeriph_Driver/src/MDR32F9Qx_usb.o
 .ARM.attributes
                0x00000498       0x1b ./1986BE1T/CMSIS/CM1/DeviceSupport/MDR1986VE1T/startup/gcc/startup_MDR1986VE1T.o
 .ARM.attributes
                0x000004b3       0x31 ./1986BE1T/CMSIS/CM1/DeviceSupport/MDR1986VE1T/startup/system_MDR1986VE1T.o
 .ARM.attributes
                0x000004e4       0x1d d:/program/eclipse_arm/tools/yagarto-20121222/bin/../lib/gcc/arm-none-eabi/4.7.2/thumb/v6m\libgcc.a(_udivsi3.o)
 .ARM.attributes
                0x00000501       0x1d d:/program/eclipse_arm/tools/yagarto-20121222/bin/../lib/gcc/arm-none-eabi/4.7.2/thumb/v6m\libgcc.a(_dvmd_tls.o)
 .ARM.attributes
                0x0000051e       0x2b d:/program/eclipse_arm/tools/yagarto-20121222/bin/../lib/gcc/arm-none-eabi/4.7.2/thumb/v6m\libgcc.a(_fixunssfsi.o)
 .ARM.attributes
                0x00000549       0x2b d:/program/eclipse_arm/tools/yagarto-20121222/bin/../lib/gcc/arm-none-eabi/4.7.2/thumb/v6m\libgcc.a(divsf3.o)
 .ARM.attributes
                0x00000574       0x2b d:/program/eclipse_arm/tools/yagarto-20121222/bin/../lib/gcc/arm-none-eabi/4.7.2/thumb/v6m\libgcc.a(subsf3.o)
 .ARM.attributes
                0x0000059f       0x2b d:/program/eclipse_arm/tools/yagarto-20121222/bin/../lib/gcc/arm-none-eabi/4.7.2/thumb/v6m\libgcc.a(fixsfsi.o)
 .ARM.attributes
                0x000005ca       0x2b d:/program/eclipse_arm/tools/yagarto-20121222/bin/../lib/gcc/arm-none-eabi/4.7.2/thumb/v6m\libgcc.a(floatunsisf.o)
 .ARM.attributes
                0x000005f5       0x1d d:/program/eclipse_arm/tools/yagarto-20121222/bin/../lib/gcc/arm-none-eabi/4.7.2/thumb/v6m\libgcc.a(_arm_cmpsf2.o)
 .ARM.attributes
                0x00000612       0x1d d:/program/eclipse_arm/tools/yagarto-20121222/bin/../lib/gcc/arm-none-eabi/4.7.2/thumb/v6m\libgcc.a(_clzsi2.o)
 .ARM.attributes
                0x0000062f       0x2b d:/program/eclipse_arm/tools/yagarto-20121222/bin/../lib/gcc/arm-none-eabi/4.7.2/thumb/v6m\libgcc.a(eqsf2.o)
 .ARM.attributes
                0x0000065a       0x2b d:/program/eclipse_arm/tools/yagarto-20121222/bin/../lib/gcc/arm-none-eabi/4.7.2/thumb/v6m\libgcc.a(gesf2.o)
 .ARM.attributes
                0x00000685       0x2b d:/program/eclipse_arm/tools/yagarto-20121222/bin/../lib/gcc/arm-none-eabi/4.7.2/thumb/v6m\libgcc.a(lesf2.o)

.debug_frame    0x00000000     0x2b7c
 .debug_frame   0x00000000       0x70 ./src/adc.o
 .debug_frame   0x00000070      0x17c ./src/arinc429.o
 .debug_frame   0x000001ec       0x30 ./src/capture.o
 .debug_frame   0x0000021c       0xc8 ./src/controls.o
 .debug_frame   0x000002e4       0x68 ./src/cpu.o
 .debug_frame   0x0000034c       0xac ./src/fraquency.o
 .debug_frame   0x000003f8       0x70 ./src/indikator.o
 .debug_frame   0x00000468       0x48 ./src/iwdg.o
 .debug_frame   0x000004b0       0x4c ./src/main.o
 .debug_frame   0x000004fc      0x1b8 ./src/memory.o
 .debug_frame   0x000006b4       0xc0 ./src/signal.o
 .debug_frame   0x00000774       0x50 ./src/starts.o
 .debug_frame   0x000007c4      0x110 ./src/state.o
 .debug_frame   0x000008d4      0x12c ./src/timer.o
 .debug_frame   0x00000a00      0x24c ./Periph/LCD.o
 .debug_frame   0x00000c4c      0x4b0 ./1986BE1T/MDR32F9Qx_StdPeriph_Driver/src/USB_Library/MDR32F9Qx_usb_device.o
 .debug_frame   0x000010fc      0x354 ./1986BE1T/MDR32F9Qx_StdPeriph_Driver/src/MDR32F9Qx_adc.o
 .debug_frame   0x00001450      0x150 ./1986BE1T/MDR32F9Qx_StdPeriph_Driver/src/MDR32F9Qx_eeprom.o
 .debug_frame   0x000015a0      0x130 ./1986BE1T/MDR32F9Qx_StdPeriph_Driver/src/MDR32F9Qx_port.o
 .debug_frame   0x000016d0      0x488 ./1986BE1T/MDR32F9Qx_StdPeriph_Driver/src/MDR32F9Qx_rst_clk.o
 .debug_frame   0x00001b58      0x710 ./1986BE1T/MDR32F9Qx_StdPeriph_Driver/src/MDR32F9Qx_timer.o
 .debug_frame   0x00002268      0x724 ./1986BE1T/MDR32F9Qx_StdPeriph_Driver/src/MDR32F9Qx_usb.o
 .debug_frame   0x0000298c       0x4c ./1986BE1T/CMSIS/CM1/DeviceSupport/MDR1986VE1T/startup/system_MDR1986VE1T.o
 .debug_frame   0x000029d8       0x20 d:/program/eclipse_arm/tools/yagarto-20121222/bin/../lib/gcc/arm-none-eabi/4.7.2/thumb/v6m\libgcc.a(_udivsi3.o)
 .debug_frame   0x000029f8       0x28 d:/program/eclipse_arm/tools/yagarto-20121222/bin/../lib/gcc/arm-none-eabi/4.7.2/thumb/v6m\libgcc.a(_fixunssfsi.o)
 .debug_frame   0x00002a20       0x3c d:/program/eclipse_arm/tools/yagarto-20121222/bin/../lib/gcc/arm-none-eabi/4.7.2/thumb/v6m\libgcc.a(divsf3.o)
 .debug_frame   0x00002a5c       0x34 d:/program/eclipse_arm/tools/yagarto-20121222/bin/../lib/gcc/arm-none-eabi/4.7.2/thumb/v6m\libgcc.a(subsf3.o)
 .debug_frame   0x00002a90       0x28 d:/program/eclipse_arm/tools/yagarto-20121222/bin/../lib/gcc/arm-none-eabi/4.7.2/thumb/v6m\libgcc.a(fixsfsi.o)
 .debug_frame   0x00002ab8       0x28 d:/program/eclipse_arm/tools/yagarto-20121222/bin/../lib/gcc/arm-none-eabi/4.7.2/thumb/v6m\libgcc.a(floatunsisf.o)
 .debug_frame   0x00002ae0       0x30 d:/program/eclipse_arm/tools/yagarto-20121222/bin/../lib/gcc/arm-none-eabi/4.7.2/thumb/v6m\libgcc.a(eqsf2.o)
 .debug_frame   0x00002b10       0x34 d:/program/eclipse_arm/tools/yagarto-20121222/bin/../lib/gcc/arm-none-eabi/4.7.2/thumb/v6m\libgcc.a(gesf2.o)
 .debug_frame   0x00002b44       0x38 d:/program/eclipse_arm/tools/yagarto-20121222/bin/../lib/gcc/arm-none-eabi/4.7.2/thumb/v6m\libgcc.a(lesf2.o)
