Archive member included because of file (symbol)

d:/program/eclipse_arm/tools/yagarto-20121222/bin/../lib/gcc/arm-none-eabi/4.7.2/thumb/v6m\libgcc.a(_udivsi3.o)
                              ./src/arinc429.o (__aeabi_uidiv)
d:/program/eclipse_arm/tools/yagarto-20121222/bin/../lib/gcc/arm-none-eabi/4.7.2/thumb/v6m\libgcc.a(_dvmd_tls.o)
                              d:/program/eclipse_arm/tools/yagarto-20121222/bin/../lib/gcc/arm-none-eabi/4.7.2/thumb/v6m\libgcc.a(_udivsi3.o) (__aeabi_idiv0)

Allocating common symbols
Common symbol       size              file

USB_DeviceContext   0xc               ./1986BE1T/MDR32F9Qx_StdPeriph_Driver/src/USB_Library/MDR32F9Qx_usb_device.o
KeyNum              0x2               ./Periph/LCDMain.o
StatusInput         0x3               ./src/status.o
TimerTimeCount      0x4               ./src/timer.o
TableFraquencyCurrent
                    0x5               ./src/fraquency.o
Status              0x4               ./src/status.o
USB_CurrentSetupPacket
                    0x8               ./1986BE1T/MDR32F9Qx_StdPeriph_Driver/src/USB_Library/MDR32F9Qx_usb_device.o
Temp                0x4               ./Periph/LCDMain.o
bufStr              0x20              ./Periph/LCDMain.o
ADFStateInput       0x4               ./src/state.o
ADFStateOutput      0x4               ./src/state.o
USB_EPContext       0xb0              ./1986BE1T/MDR32F9Qx_StdPeriph_Driver/src/USB_Library/MDR32F9Qx_usb_device.o
Flag8us             0x4               ./Periph/LCD.o
TableControlsTimeActive
                    0x30              ./src/controls.o
CurrentMenu         0x4               ./Periph/Menu.o
DisableFlag         0x4               ./Periph/LCD.o

Discarded input sections

 .group         0x00000000        0x8 ./src/adc.o
 .group         0x00000000        0x8 ./src/adc.o
 .group         0x00000000        0x8 ./src/adc.o
 .group         0x00000000        0x8 ./src/adc.o
 .group         0x00000000        0x8 ./src/adc.o
 .group         0x00000000        0x8 ./src/adc.o
 .group         0x00000000        0x8 ./src/adc.o
 .group         0x00000000        0x8 ./src/adc.o
 .group         0x00000000        0x8 ./src/adc.o
 .group         0x00000000        0x8 ./src/adc.o
 .group         0x00000000        0x8 ./src/adc.o
 .group         0x00000000        0x8 ./src/adc.o
 .group         0x00000000        0x8 ./src/adc.o
 .text          0x00000000        0x0 ./src/adc.o
 .data          0x00000000        0x0 ./src/adc.o
 .bss           0x00000000        0x0 ./src/adc.o
 .group         0x00000000        0x8 ./src/arinc429.o
 .group         0x00000000        0x8 ./src/arinc429.o
 .group         0x00000000        0x8 ./src/arinc429.o
 .group         0x00000000        0x8 ./src/arinc429.o
 .group         0x00000000        0x8 ./src/arinc429.o
 .group         0x00000000        0x8 ./src/arinc429.o
 .group         0x00000000        0x8 ./src/arinc429.o
 .group         0x00000000        0x8 ./src/arinc429.o
 .group         0x00000000        0x8 ./src/arinc429.o
 .group         0x00000000        0x8 ./src/arinc429.o
 .group         0x00000000        0x8 ./src/arinc429.o
 .group         0x00000000        0x8 ./src/arinc429.o
 .group         0x00000000        0x8 ./src/arinc429.o
 .group         0x00000000        0x8 ./src/arinc429.o
 .group         0x00000000        0x8 ./src/arinc429.o
 .group         0x00000000        0x8 ./src/arinc429.o
 .group         0x00000000        0x8 ./src/arinc429.o
 .text          0x00000000        0x0 ./src/arinc429.o
 .data          0x00000000        0x0 ./src/arinc429.o
 .bss           0x00000000        0x0 ./src/arinc429.o
 .bss.Arinc429ReceiverWords
                0x00000000        0x4 ./src/arinc429.o
 .text.Arinc429ReceiverChannelOff
                0x00000000       0x30 ./src/arinc429.o
 .text.Arinc429ReceiverChannelOn
                0x00000000       0x30 ./src/arinc429.o
 .text.FraquencyToArinc429
                0x00000000      0x130 ./src/arinc429.o
 .debug_macro   0x00000000      0x7de ./src/arinc429.o
 .debug_macro   0x00000000      0x214 ./src/arinc429.o
 .debug_macro   0x00000000       0x22 ./src/arinc429.o
 .debug_macro   0x00000000       0x16 ./src/arinc429.o
 .debug_macro   0x00000000       0xc4 ./src/arinc429.o
 .debug_macro   0x00000000       0xa5 ./src/arinc429.o
 .debug_macro   0x00000000       0x3a ./src/arinc429.o
 .debug_macro   0x00000000       0x1f ./src/arinc429.o
 .debug_macro   0x00000000      0x242 ./src/arinc429.o
 .debug_macro   0x00000000     0x3ca8 ./src/arinc429.o
 .debug_macro   0x00000000      0x554 ./src/arinc429.o
 .group         0x00000000        0x8 ./src/cfg.o
 .group         0x00000000        0x8 ./src/cfg.o
 .group         0x00000000        0x8 ./src/cfg.o
 .text          0x00000000        0x0 ./src/cfg.o
 .data          0x00000000        0x0 ./src/cfg.o
 .bss           0x00000000        0x0 ./src/cfg.o
 .debug_macro   0x00000000      0x7de ./src/cfg.o
 .debug_macro   0x00000000      0x214 ./src/cfg.o
[...]
Memory Configuration

Name             Origin             Length             Attributes
FLASH            0x00000000         0x00020000         xr
RAM              0x20000000         0x00008000         rw
IRAM             0x20100000         0x00004000         xrw
*default*        0x00000000         0xffffffff

Linker script and memory map

LOAD ./src/adc.o
LOAD ./src/arinc429.o
LOAD ./src/cfg.o
LOAD ./src/controls.o
LOAD ./src/cpu.o
LOAD ./src/fraquency.o
LOAD ./src/indikator.o
LOAD ./src/iwdg.o
LOAD ./src/main.o
LOAD ./src/memory.o
LOAD ./src/signal.o
LOAD ./src/starts.o
LOAD ./src/state.o
LOAD ./src/status.o
LOAD ./src/timer.o
LOAD ./Periph/Font.o
LOAD ./Periph/Keyboard.o
LOAD ./Periph/LCD.o
LOAD ./Periph/LCDMain.o
LOAD ./Periph/LCD_b.o
LOAD ./Periph/LCDcfg.o
LOAD ./Periph/Menu.o
LOAD ./Periph/string.o
LOAD ./1986BE1T/MDR32F9Qx_StdPeriph_Driver/src/USB_Library/MDR32F9Qx_usb_CDC.o
LOAD ./1986BE1T/MDR32F9Qx_StdPeriph_Driver/src/USB_Library/MDR32F9Qx_usb_device.o
LOAD ./1986BE1T/MDR32F9Qx_StdPeriph_Driver/src/MDR32F9Qx_adc.o
LOAD ./1986BE1T/MDR32F9Qx_StdPeriph_Driver/src/MDR32F9Qx_arinc429r.o
LOAD ./1986BE1T/MDR32F9Qx_StdPeriph_Driver/src/MDR32F9Qx_arinc429t.o
LOAD ./1986BE1T/MDR32F9Qx_StdPeriph_Driver/src/MDR32F9Qx_audio.o
LOAD ./1986BE1T/MDR32F9Qx_StdPeriph_Driver/src/MDR32F9Qx_bkp.o
LOAD ./1986BE1T/MDR32F9Qx_StdPeriph_Driver/src/MDR32F9Qx_can.o
LOAD ./1986BE1T/MDR32F9Qx_StdPeriph_Driver/src/MDR32F9Qx_comp.o
LOAD ./1986BE1T/MDR32F9Qx_StdPeriph_Driver/src/MDR32F9Qx_dac.o
LOAD ./1986BE1T/MDR32F9Qx_StdPeriph_Driver/src/MDR32F9Qx_dma.o
LOAD ./1986BE1T/MDR32F9Qx_StdPeriph_Driver/src/MDR32F9Qx_dsp.o
LOAD ./1986BE1T/MDR32F9Qx_StdPeriph_Driver/src/MDR32F9Qx_ebc.o
LOAD ./1986BE1T/MDR32F9Qx_StdPeriph_Driver/src/MDR32F9Qx_eeprom.o
LOAD ./1986BE1T/MDR32F9Qx_StdPeriph_Driver/src/MDR32F9Qx_eth.o
LOAD ./1986BE1T/MDR32F9Qx_StdPeriph_Driver/src/MDR32F9Qx_i2c.o
LOAD ./1986BE1T/MDR32F9Qx_StdPeriph_Driver/src/MDR32F9Qx_iwdg.o
LOAD ./1986BE1T/MDR32F9Qx_StdPeriph_Driver/src/MDR32F9Qx_keypad.o
LOAD ./1986BE1T/MDR32F9Qx_StdPeriph_Driver/src/MDR32F9Qx_led.o
LOAD ./1986BE1T/MDR32F9Qx_StdPeriph_Driver/src/MDR32F9Qx_mil_std_1553.o
LOAD ./1986BE1T/MDR32F9Qx_StdPeriph_Driver/src/MDR32F9Qx_port.o
LOAD ./1986BE1T/MDR32F9Qx_StdPeriph_Driver/src/MDR32F9Qx_power.o
LOAD ./1986BE1T/MDR32F9Qx_StdPeriph_Driver/src/MDR32F9Qx_rst_clk.o
LOAD ./1986BE1T/MDR32F9Qx_StdPeriph_Driver/src/MDR32F9Qx_sdio.o
LOAD ./1986BE1T/MDR32F9Qx_StdPeriph_Driver/src/MDR32F9Qx_ssp.o
LOAD ./1986BE1T/MDR32F9Qx_StdPeriph_Driver/src/MDR32F9Qx_timer.o
LOAD ./1986BE1T/MDR32F9Qx_StdPeriph_Driver/src/MDR32F9Qx_uart.o
LOAD ./1986BE1T/MDR32F9Qx_StdPeriph_Driver/src/MDR32F9Qx_usb.o
LOAD ./1986BE1T/MDR32F9Qx_StdPeriph_Driver/src/MDR32F9Qx_wwdg.o
LOAD ./1986BE1T/CMSIS/CM1/DeviceSupport/MDR1986VE1T/startup/gcc/startup_MDR1986VE1T.o
LOAD ./1986BE1T/CMSIS/CM1/DeviceSupport/MDR1986VE1T/startup/system_MDR1986VE1T.o
START GROUP
LOAD d:/program/eclipse_arm/tools/yagarto-20121222/bin/../lib/gcc/arm-none-eabi/4.7.2/thumb/v6m\libgcc.a
LOAD d:/program/eclipse_arm/tools/yagarto-20121222/bin/../lib/gcc/arm-none-eabi/4.7.2/../../../../arm-none-eabi/lib/thumb/v6m\libg.a
LOAD d:/program/eclipse_arm/tools/yagarto-20121222/bin/../lib/gcc/arm-none-eabi/4.7.2/../../../../arm-none-eabi/lib/thumb/v6m\libc.a
END GROUP

.text           0x00000000     0x3540
 *(.isr_vector)
 .isr_vector    0x00000000       0xc0 ./1986BE1T/CMSIS/CM1/DeviceSupport/MDR1986VE1T/startup/gcc/startup_MDR1986VE1T.o
                0x00000000                __isr_vector
 *(.text*)
 .text.ADFADCInit
                0x000000c0      0x100 ./src/adc.o
                0x000000c0                ADFADCInit
 .text.ADCGaletnikRead
                0x000001c0       0x54 ./src/adc.o
                0x000001c0                ADCGaletnikRead
 .text.ADCGaletnikValueToCanal
                0x00000214      0x188 ./src/adc.o
                0x00000214                ADCGaletnikValueToCanal
 .text.NVIC_EnableIRQ
                0x0000039c       0x2c ./src/arinc429.o
 .text.Arinc429Init
                0x000003c8       0x18 ./src/arinc429.o
                0x000003c8                Arinc429Init
 .text.Arinc429Port_Initialization
                0x000003e0       0x74 ./src/arinc429.o
                0x000003e0                Arinc429Port_Initialization
 .text.Arinc429Tx_Initialization
                0x00000454       0x30 ./src/arinc429.o
                0x00000454                Arinc429Tx_Initialization
 .text.Arinc429Rx_Initialization
                0x00000484       0x50 ./src/arinc429.o
                0x00000484                Arinc429Rx_Initialization
 .text.Arinc429Timer_Initialization
                0x000004d4       0x84 ./src/arinc429.o
                0x000004d4                Arinc429Timer_Initialization
 .text.Timer2_IRQHandler
                0x00000558       0x38 ./src/arinc429.o
                0x00000558                Timer2_IRQHandler
 .text.ARINC429R_IRQHandler
                0x00000590       0xfc ./src/arinc429.o
                0x00000590                ARINC429R_IRQHandler
 .text.Arinc429Test
                0x0000068c      0x298 ./src/arinc429.o
                0x0000068c                Arinc429Test
 .text.ControlsRead
                0x00000924       0x18 ./src/controls.o
                0x00000924                ControlsRead
 .text.ControlsTest
                0x0000093c      0x130 ./src/controls.o
                0x0000093c                ControlsTest
 .text.ControlGaletnikCanalTest
                0x00000a6c       0x74 ./src/controls.o
                0x00000a6c                ControlGaletnikCanalTest
 .text.ControlGaletnikCanalGet
                0x00000ae0       0x14 ./src/controls.o
                0x00000ae0                ControlGaletnikCanalGet
 .text.ControlsTimeActive
                0x00000af4       0x78 ./src/controls.o
                0x00000af4                ControlsTimeActive
 .text.ControlsTimeActiveClear
                0x00000b6c       0x24 ./src/controls.o
                0x00000b6c                ControlsTimeActiveClear
 .text.CPU_Initialization
                0x00000b90       0x54 ./src/cpu.o
                0x00000b90                CPU_Initialization
 .text.HardFault_Handler
                0x00000be4        0x8 ./src/cpu.o
                0x00000be4                HardFault_Handler
 .text.FraquencyTest
                0x00000bec      0x4ac ./src/fraquency.o
                0x00000bec                FraquencyTest
 .text.FraquencyCanalWriteTest
                0x00001098      0x150 ./src/fraquency.o
                0x00001098                FraquencyCanalWriteTest
 .text.IndikatorSymbolOut
                0x000011e8       0xd4 ./src/indikator.o
                0x000011e8                IndikatorSymbolOut
 .text.IndikatorSegmentSet
                0x000012bc       0x38 ./src/indikator.o
                0x000012bc                IndikatorSegmentSet
 .text.IndikatorOff
                0x000012f4       0x48 ./src/indikator.o
                0x000012f4                IndikatorOff
 .text.ADFIWDGInit
                0x0000133c       0x68 ./src/iwdg.o
                0x0000133c                ADFIWDGInit
 .text.ADFIWDGReset
                0x000013a4       0x18 ./src/iwdg.o
                0x000013a4                ADFIWDGReset
 .text.main     0x000013bc       0x5c ./src/main.o
                0x000013bc                main
 .text.InterruptsDisable
                0x00001418       0x28 ./src/memory.o
 .text.InterruptsEnable
                0x00001440       0x18 ./src/memory.o
 .text.Memory_EEPROMWriteHalfWord
                0x00001458       0x2c ./src/memory.o
                0x00001458                Memory_EEPROMWriteHalfWord
 .text.Memory_EEPROMErasePage
                0x00001484       0x20 ./src/memory.o
                0x00001484                Memory_EEPROMErasePage
 .text.MemoryPultCFGADFStore
                0x000014a4       0x34 ./src/memory.o
                0x000014a4                MemoryPultCFGADFStore
 .text.MemoryPultCFGADFLoad
                0x000014d8       0x18 ./src/memory.o
                0x000014d8                MemoryPultCFGADFLoad
 .text.MemoryPultCanalStore
                0x000014f0       0xcc ./src/memory.o
                0x000014f0                MemoryPultCanalStore
 .text.MemoryPultCanalLoad
                0x000015bc       0x88 ./src/memory.o
                0x000015bc                MemoryPultCanalLoad
 .text.MemoryFraquencyCanalSaveAll
                0x00001644       0x3c ./src/memory.o
 .text.MemoryFraquencyCanalResaveAll
                0x00001680       0x60 ./src/memory.o
 .text.SignalTest
                0x000016e0       0xf4 ./src/signal.o
                0x000016e0                SignalTest
 .text.SignalTimeTest
                0x000017d4       0xa0 ./src/signal.o
                0x000017d4                SignalTimeTest
 .text.SignalSet
                0x00001874      0x168 ./src/signal.o
                0x00001874                SignalSet
 .text.SignalMarkerTest
                0x000019dc       0x74 ./src/signal.o
                0x000019dc                SignalMarkerTest
 .text.SignalBligniyOrDalniyTest
                0x00001a50       0xf8 ./src/signal.o
                0x00001a50                SignalBligniyOrDalniyTest
 .text.SignalDPRSTest
                0x00001b48       0x74 ./src/signal.o
                0x00001b48                SignalDPRSTest
 .text.StartsMenuMain
                0x00001bbc      0x128 ./src/starts.o
                0x00001bbc                StartsMenuMain
 .text.StartsStringOut
                0x00001ce4       0x44 ./src/starts.o
 .text.StateInit
                0x00001d28      0x10c ./src/state.o
                0x00001d28                StateInit
 .text.StatePerekluchatelDataGet
                0x00001e34       0xc0 ./src/state.o
                0x00001e34                StatePerekluchatelDataGet
 .text.StateGet
                0x00001ef4       0xa4 ./src/state.o
                0x00001ef4                StateGet
 .text.StateSet
                0x00001f98       0x7c ./src/state.o
                0x00001f98                StateSet
 .text.StateReset
                0x00002014       0x80 ./src/state.o
                0x00002014                StateReset
 .text.NVIC_EnableIRQ
                0x00002094       0x2c ./src/timer.o
 .text.TimerTime_Initialization
                0x000020c0       0x88 ./src/timer.o
                0x000020c0                TimerTime_Initialization
 .text.Timer1_IRQHandler
                0x00002148       0xe4 ./src/timer.o
                0x00002148                Timer1_IRQHandler
 .text.TimeGet  0x0000222c       0x14 ./src/timer.o
                0x0000222c                TimeGet
 .text.TimeInterval
                0x00002240       0x1c ./src/timer.o
                0x00002240                TimeInterval
 .text.SysTick_Handler
                0x0000225c       0x14 ./Periph/LCD.o
                0x0000225c                SysTick_Handler
 .text.NVIC_EnableIRQ
                0x00002270       0x2c ./1986BE1T/MDR32F9Qx_StdPeriph_Driver/src/USB_Library/MDR32F9Qx_usb_device.o
 .text.NVIC_DisableIRQ
                0x0000229c       0x2c ./1986BE1T/MDR32F9Qx_StdPeriph_Driver/src/USB_Library/MDR32F9Qx_usb_device.o
 .text.USB_EP_Idle
                0x000022c8       0x68 ./1986BE1T/MDR32F9Qx_StdPeriph_Driver/src/USB_Library/MDR32F9Qx_usb_device.o
                0x000022c8                USB_EP_Idle
 .text.USB_EP_Stall
                0x00002330       0x78 ./1986BE1T/MDR32F9Qx_StdPeriph_Driver/src/USB_Library/MDR32F9Qx_usb_device.o
                0x00002330                USB_EP_Stall
 .text.USB_EP_dispatchEvent
                0x000023a8      0x400 ./1986BE1T/MDR32F9Qx_StdPeriph_Driver/src/USB_Library/MDR32F9Qx_usb_device.o
                0x000023a8                USB_EP_dispatchEvent
 .text.USB_EP_sendInDataPortion
                0x000027a8       0xb0 ./1986BE1T/MDR32F9Qx_StdPeriph_Driver/src/USB_Library/MDR32F9Qx_usb_device.o
 .text.USB_EP_SetReady
                0x00002858       0x40 ./1986BE1T/MDR32F9Qx_StdPeriph_Driver/src/USB_Library/MDR32F9Qx_usb_device.o
 .text.USB_DeviceReset
                0x00002898       0x18 ./1986BE1T/MDR32F9Qx_StdPeriph_Driver/src/USB_Library/MDR32F9Qx_usb_device.o
                0x00002898                USB_DeviceReset
 .text.USB_DeviceDispatchEvent
                0x000028b0       0x88 ./1986BE1T/MDR32F9Qx_StdPeriph_Driver/src/USB_Library/MDR32F9Qx_usb_device.o
                0x000028b0                USB_DeviceDispatchEvent
 .text.USB_IRQHandler
                0x00002938        0xc ./1986BE1T/MDR32F9Qx_StdPeriph_Driver/src/USB_Library/MDR32F9Qx_usb_device.o
                0x00002938                USB_IRQHandler
 .text.ADC1_Cmd
                0x00002944       0x3c ./1986BE1T/MDR32F9Qx_StdPeriph_Driver/src/MDR32F9Qx_adc.o
                0x00002944                ADC1_Cmd
 .text.PORT_Init
                0x00002980      0x18c ./1986BE1T/MDR32F9Qx_StdPeriph_Driver/src/MDR32F9Qx_port.o
                0x00002980                PORT_Init
 .text.RST_CLK_PCLKcmd
                0x00002b0c       0x3c ./1986BE1T/MDR32F9Qx_StdPeriph_Driver/src/MDR32F9Qx_rst_clk.o
                0x00002b0c                RST_CLK_PCLKcmd
 .text.TIMER_CntInit
                0x00002b48       0x70 ./1986BE1T/MDR32F9Qx_StdPeriph_Driver/src/MDR32F9Qx_timer.o
                0x00002b48                TIMER_CntInit
 .text.TIMER_Cmd
                0x00002bb8       0x3c ./1986BE1T/MDR32F9Qx_StdPeriph_Driver/src/MDR32F9Qx_timer.o
                0x00002bb8                TIMER_Cmd
 .text.TIMER_ITConfig
                0x00002bf4       0x3c ./1986BE1T/MDR32F9Qx_StdPeriph_Driver/src/MDR32F9Qx_timer.o
                0x00002bf4                TIMER_ITConfig
 .text.TIMER_BRGInit
                0x00002c30       0xec ./1986BE1T/MDR32F9Qx_StdPeriph_Driver/src/MDR32F9Qx_timer.o
                0x00002c30                TIMER_BRGInit
 .text.USB_GetSEPxCTRL
                0x00002d1c       0x24 ./1986BE1T/MDR32F9Qx_StdPeriph_Driver/src/MDR32F9Qx_usb.o
                0x00002d1c                USB_GetSEPxCTRL
 .text.USB_SetSEPxCTRL
                0x00002d40       0x4c ./1986BE1T/MDR32F9Qx_StdPeriph_Driver/src/MDR32F9Qx_usb.o
                0x00002d40                USB_SetSEPxCTRL
 .text.USB_GetSEPxSTS
                0x00002d8c       0x28 ./1986BE1T/MDR32F9Qx_StdPeriph_Driver/src/MDR32F9Qx_usb.o
                0x00002d8c                USB_GetSEPxSTS
 .text.USB_GetSEPxTS
                0x00002db4       0x2c ./1986BE1T/MDR32F9Qx_StdPeriph_Driver/src/MDR32F9Qx_usb.o
                0x00002db4                USB_GetSEPxTS
 .text.USB_GetSIS
                0x00002de0       0x18 ./1986BE1T/MDR32F9Qx_StdPeriph_Driver/src/MDR32F9Qx_usb.o
                0x00002de0                USB_GetSIS
 .text.USB_SetSIS
                0x00002df8       0x1c ./1986BE1T/MDR32F9Qx_StdPeriph_Driver/src/MDR32F9Qx_usb.o
                0x00002df8                USB_SetSIS
 .text.USB_GetSEPxRXFD
                0x00002e14       0x24 ./1986BE1T/MDR32F9Qx_StdPeriph_Driver/src/MDR32F9Qx_usb.o
                0x00002e14                USB_GetSEPxRXFD
 .text.USB_GetSEPxRXFDC
                0x00002e38       0x2c ./1986BE1T/MDR32F9Qx_StdPeriph_Driver/src/MDR32F9Qx_usb.o
                0x00002e38                USB_GetSEPxRXFDC
 .text.USB_SetSEPxRXFC
                0x00002e64       0x2c ./1986BE1T/MDR32F9Qx_StdPeriph_Driver/src/MDR32F9Qx_usb.o
                0x00002e64                USB_SetSEPxRXFC
 .text.USB_SetSEPxTXFD
                0x00002e90       0x2c ./1986BE1T/MDR32F9Qx_StdPeriph_Driver/src/MDR32F9Qx_usb.o
                0x00002e90                USB_SetSEPxTXFD
 .text.USB_SetSEPxTXFDC
                0x00002ebc       0x2c ./1986BE1T/MDR32F9Qx_StdPeriph_Driver/src/MDR32F9Qx_usb.o
                0x00002ebc                USB_SetSEPxTXFDC
 .text.USB_SEPxToggleEPDATASEQ
                0x00002ee8       0x3c ./1986BE1T/MDR32F9Qx_StdPeriph_Driver/src/MDR32F9Qx_usb.o
                0x00002ee8                USB_SEPxToggleEPDATASEQ
 .text          0x00002f24       0x64 ./1986BE1T/CMSIS/CM1/DeviceSupport/MDR1986VE1T/startup/gcc/startup_MDR1986VE1T.o
                0x00002f24                _start
                0x00002f28                Reset_Handler
                0x00002f84                EXT_INT1_IRQHandler
                0x00002f84                PendSV_Handler
                0x00002f84                NMI_Handler
                0x00002f84                UART1_IRQHandler
                0x00002f84                ARINC429T2_IRQHandler
                0x00002f84                POWER_IRQHandler
                0x00002f84                BUSY_IRQHandler
                0x00002f84                Timer3_IRQHandler
                0x00002f84                MIL_STD_1553B1_IRQHandler
                0x00002f84                CAN1_IRQHandler
                0x00002f84                ARINC429T4_IRQHandler
                0x00002f84                UART2_IRQHandler
                0x00002f84                SSP3_IRQHandler
                0x00002f84                EXT_INT2_IRQHandler
                0x00002f84                Default_Handler
                0x00002f84                BKP_IRQHandler
                0x00002f84                ADC_IRQHandler
                0x00002f84                SSP1_IRQHandler
                0x00002f84                EXT_INT3_IRQHandler
                0x00002f84                ARINC429T3_IRQHandler
                0x00002f84                EXT_INT4_IRQHandler
                0x00002f84                SVC_Handler
                0x00002f84                ARINC429T1_IRQHandler
                0x00002f84                WWDG_IRQHandler
                0x00002f84                MIL_STD_1553B2_IRQHandler
                0x00002f84                SSP2_IRQHandler
                0x00002f84                DMA_IRQHandler
                0x00002f84                CAN2_IRQHandler
                0x00002f84                Timer4_IRQHandler
                0x00002f84                ETHERNET_IRQHandler
 .text.SystemCoreClockUpdate
                0x00002f88       0xcc ./1986BE1T/CMSIS/CM1/DeviceSupport/MDR1986VE1T/startup/system_MDR1986VE1T.o
                0x00002f88                SystemCoreClockUpdate
 .text.SystemInit
                0x00003054       0x4c ./1986BE1T/CMSIS/CM1/DeviceSupport/MDR1986VE1T/startup/system_MDR1986VE1T.o
                0x00003054                SystemInit
 .text          0x000030a0       0x9c d:/program/eclipse_arm/tools/yagarto-20121222/bin/../lib/gcc/arm-none-eabi/4.7.2/thumb/v6m\libgcc.a(_udivsi3.o)
                0x000030a0                __aeabi_uidiv
                0x000030a0                __udivsi3
                0x00003128                __aeabi_uidivmod
 .text          0x0000313c        0x4 d:/program/eclipse_arm/tools/yagarto-20121222/bin/../lib/gcc/arm-none-eabi/4.7.2/thumb/v6m\libgcc.a(_dvmd_tls.o)
                0x0000313c                __aeabi_idiv0
                0x0000313c                __aeabi_ldiv0
 .text.__stub   0x00003140       0x20 linker stubs
 *(.init)
 *(.fini)
 *crtbegin.o(.ctors)
 *crtbegin?.o(.ctors)
 *(EXCLUDE_FILE(*crtend.o *crtend?.o) .ctors)
 *(SORT(.ctors.*))
 *(.ctors)
 *crtbegin.o(.dtors)
 *crtbegin?.o(.dtors)
 *(EXCLUDE_FILE(*crtend.o *crtend?.o) .dtors)
 *(SORT(.dtors.*))
 *(.dtors)
 *(.rodata*)
 .rodata.ControlsTest
                0x00003160       0x30 ./src/controls.o
 .rodata.IndikatorSegmentSymbol
                0x00003190       0x48 ./src/indikator.o
                0x00003190                IndikatorSegmentSymbol
 .rodata.SignalSet
                0x000031d8       0x1c ./src/signal.o
 .rodata.StartsStringADF351
                0x000031f4        0x8 ./src/starts.o
                0x000031f4                StartsStringADF351
 .rodata.StartsStringADF353
                0x000031fc        0x8 ./src/starts.o
                0x000031fc                StartsStringADF353
 .rodata.StartsStringADF40
                0x00003204        0x8 ./src/starts.o
                0x00003204                StartsStringADF40
 .rodata.StartsStringOFF
                0x0000320c        0x8 ./src/starts.o
                0x0000320c                StartsStringOFF
 .rodata.StartsString88888
                0x00003214        0x8 ./src/starts.o
                0x00003214                StartsString88888
 .rodata.StartsString0123456789
                0x0000321c       0x14 ./src/starts.o
                0x0000321c                StartsString0123456789
 .rodata        0x00003230      0x168 ./src/state.o
 .rodata.ADFStateOutputPins
                0x00003398       0x9c ./src/state.o
                0x00003398                ADFStateOutputPins
 .rodata.ADFStateInputPins
                0x00003434       0xd8 ./src/state.o
                0x00003434                ADFStateInputPins
 .rodata.TableIndikatorHG
                0x0000350c       0x14 ./src/timer.o
 .rodata.TableDlitelnostSkwagnosti
                0x00003520        0x8 ./src/timer.o
 .rodata.USB_EP_dispatchEvent
                0x00003528       0x18 ./1986BE1T/MDR32F9Qx_StdPeriph_Driver/src/USB_Library/MDR32F9Qx_usb_device.o
 *(.eh_frame*)

.glue_7         0x00003540        0x0
 .glue_7        0x00000000        0x0 linker stubs

.glue_7t        0x00003540        0x0
 .glue_7t       0x00000000        0x0 linker stubs

.vfp11_veneer   0x00003540        0x0
 .vfp11_veneer  0x00000000        0x0 linker stubs

.v4_bx          0x00003540        0x0
 .v4_bx         0x00000000        0x0 linker stubs

.iplt           0x00003540        0x0
 .iplt          0x00000000        0x0 ./src/adc.o

.ARM.extab
 *(.ARM.extab* .gnu.linkonce.armextab.*)
                0x00003540                __exidx_start = .

.ARM.exidx
 *(.ARM.exidx* .gnu.linkonce.armexidx.*)
                0x00003540                __exidx_end = .
                0x00003540                . = ALIGN (0x4)
                0x00003540                __etext = .

.data           0x20000000       0x38 load address 0x00003540
                0x20000000                __data_start__ = .
 *(vtable)
 *(.data*)
 .data.ControlGaletnikCanal
                0x20000000        0x1 ./src/controls.o
 .data.canalPrevious.4109
                0x20000001        0x1 ./src/controls.o
 *fill*         0x20000002        0x2 
 .data.StatusTableSignal
                0x20000004       0x20 ./src/signal.o
                0x20000004                StatusTableSignal
 .data.StartsTableADF
                0x20000024        0xc ./src/starts.o
                0x20000024                StartsTableADF
 .data.TimerDlitelnostSkwagnostiIndikator
                0x20000030        0x1 ./src/timer.o
                0x20000030                TimerDlitelnostSkwagnostiIndikator
 *fill*         0x20000031        0x3 
 .data.SystemCoreClock
                0x20000034        0x4 ./1986BE1T/CMSIS/CM1/DeviceSupport/MDR1986VE1T/startup/system_MDR1986VE1T.o
                0x20000034                SystemCoreClock
                0x20000038                . = ALIGN (0x4)
                0x20000038                PROVIDE (__preinit_array_start, .)
 *(.preinit_array)
                0x20000038                PROVIDE (__preinit_array_end, .)
                0x20000038                . = ALIGN (0x4)
                0x20000038                PROVIDE (__init_array_start, .)
 *(SORT(.init_array.*))
 *(.init_array)
                0x20000038                PROVIDE (__init_array_end, .)
                0x20000038                . = ALIGN (0x4)
                0x20000038                PROVIDE (__fini_array_start, .)
 *(SORT(.fini_array.*))
 *(.fini_array)
                0x20000038                PROVIDE (__fini_array_end, .)
 *(.jcr*)
                0x20000038                . = ALIGN (0x4)
                0x20000038                __data_end__ = .
                0x00003578                __edata = (__etext + SIZEOF (.data))

.igot.plt       0x20000038        0x0 load address 0x00003578
 .igot.plt      0x00000000        0x0 ./src/adc.o

.ramfunc        0x20100000      0x548 load address 0x00003578
                0x20100000                __ramfunc_start__ = .
 *(.ramfunc*)
 .ramfunc       0x20100000      0x548 ./1986BE1T/MDR32F9Qx_StdPeriph_Driver/src/MDR32F9Qx_eeprom.o
                0x20100020                EEPROM_ReadByte
                0x201000bc                EEPROM_ReadHalfWord
                0x20100158                EEPROM_ReadWord
                0x201001dc                EEPROM_ErasePage
                0x201002bc                EEPROM_EraseAllPages
                0x20100394                EEPROM_ProgramByte
                0x201003f8                EEPROM_ProgramHalfWord
                0x20100460                EEPROM_ProgramWord
                0x20100548                . = ALIGN (0x4)
                0x20100548                __ramfunc_end__ = .

.rel.dyn        0x20100548        0x0 load address 0x00003ac0
 .rel.iplt      0x00000000        0x0 ./src/adc.o

.bss            0x20000038      0x1d4 load address 0x00003578
                0x20000038                . = ALIGN (0x4)
                0x20000038                __bss_start__ = .
 *(.bss*)
 .bss.Arinc429ReceiverData
                0x20000038        0x4 ./src/arinc429.o
                0x20000038                Arinc429ReceiverData
 .bss.Arinc429TransmitterWords
                0x2000003c        0x4 ./src/arinc429.o
                0x2000003c                Arinc429TransmitterWords
 .bss.Arinc429TransmitterData
                0x20000040        0x4 ./src/arinc429.o
                0x20000040                Arinc429TransmitterData
 .bss.arincDataOld.5047
                0x20000044        0x4 ./src/arinc429.o
 .bss.CFG_ADFPultType
                0x20000048        0x1 ./src/cfg.o
                0x20000048                CFG_ADFPultType
 *fill*         0x20000049        0x1 
 .bss.Controls  0x2000004a        0x2 ./src/controls.o
 .bss.time.4108
                0x2000004c        0x4 ./src/controls.o
 .bss.FraquencyCurrent
                0x20000050        0x4 ./src/fraquency.o
                0x20000050                FraquencyCurrent
 .bss.ADFFraquencyPlavno
                0x20000054        0x4 ./src/fraquency.o
                0x20000054                ADFFraquencyPlavno
 .bss.FraquencyInput
                0x20000058        0x4 ./src/fraquency.o
                0x20000058                FraquencyInput
 .bss.FraquencyMiganie
                0x2000005c        0x1 ./src/fraquency.o
                0x2000005c                FraquencyMiganie
 *fill*         0x2000005d        0x3 
 .bss.FraquencyMiganieTime
                0x20000060        0x4 ./src/fraquency.o
                0x20000060                FraquencyMiganieTime
 .bss.writeStatus.4116
                0x20000064        0x1 ./src/fraquency.o
 *fill*         0x20000065        0x3 
 .bss.time.4115
                0x20000068        0x4 ./src/fraquency.o
 .bss.timeIndikatorBrightnessSave.4110
                0x2000006c        0x4 ./src/fraquency.o
 .bss.boolIndikatorBrightnessSave.4109
                0x20000070        0x1 ./src/fraquency.o
 *fill*         0x20000071        0x3 
 .bss.InterruptsSave
                0x20000074        0x4 ./src/memory.o
 .bss.MemoryTableFraquencyCanal
                0x20000078       0x30 ./src/memory.o
 .bss.TableTimeSignalOff
                0x200000a8       0x20 ./src/signal.o
 .bss.TableTimeSignalOn
                0x200000c8       0x20 ./src/signal.o
 .bss.time.5010
                0x200000e8        0x4 ./src/timer.o
 .bss.j.5008    0x200000ec        0x1 ./src/timer.o
 *fill*         0x200000ed        0x3 
 .bss.bHandling.5303
                0x200000f0        0x4 ./1986BE1T/MDR32F9Qx_StdPeriph_Driver/src/USB_Library/MDR32F9Qx_usb_device.o
 *(COMMON)
 COMMON         0x200000f4       0x30 ./src/controls.o
                0x200000f4                TableControlsTimeActive
 COMMON         0x20000124        0x5 ./src/fraquency.o
                0x20000124                TableFraquencyCurrent
 *fill*         0x20000129        0x3 
 COMMON         0x2000012c        0x8 ./src/state.o
                0x2000012c                ADFStateInput
                0x20000130                ADFStateOutput
 COMMON         0x20000134        0x8 ./src/status.o
                0x20000134                StatusInput
                0x20000138                Status
 COMMON         0x2000013c        0x4 ./src/timer.o
                0x2000013c                TimerTimeCount
 COMMON         0x20000140        0x8 ./Periph/LCD.o
                0x20000140                Flag8us
                0x20000144                DisableFlag
 COMMON         0x20000148       0xc4 ./1986BE1T/MDR32F9Qx_StdPeriph_Driver/src/USB_Library/MDR32F9Qx_usb_device.o
                0x20000148                USB_DeviceContext
                0x20000154                USB_CurrentSetupPacket
                0x2000015c                USB_EPContext
                0x2000020c                . = ALIGN (0x4)
                0x2000020c                __bss_end__ = .

.heap           0x20000210        0x0
                0x20000210                __end__ = .
                0x20000210                PROVIDE (end, .)
 *(.heap*)
 .heap          0x20000210        0x0 ./1986BE1T/CMSIS/CM1/DeviceSupport/MDR1986VE1T/startup/gcc/startup_MDR1986VE1T.o
                0x20000210                __HeapLimit = .

.stack_dummy    0x20000210      0xc00
 *(.stack*)
 .stack         0x20000210      0xc00 ./1986BE1T/CMSIS/CM1/DeviceSupport/MDR1986VE1T/startup/gcc/startup_MDR1986VE1T.o
                0x20008000                __StackTop = (ORIGIN (RAM) + 0x8000)
                0x20007400                __StackLimit = (__StackTop - SIZEOF (.stack_dummy))
                0x20008000                PROVIDE (__stack, __StackTop)
                0x00000001                ASSERT ((__StackLimit >= __HeapLimit), region RAM overflowed with stack)
OUTPUT(ADF32Pult.elf elf32-littlearm)

.debug_info     0x00000000     0xa0ea
 .debug_info    0x00000000      0x4ad ./src/adc.o
 .debug_info    0x000004ad      0xd80 ./src/arinc429.o
 .debug_info    0x0000122d       0x85 ./src/cfg.o
 .debug_info    0x000012b2      0x2eb ./src/controls.o
 .debug_info    0x0000159d      0x2b2 ./src/cpu.o
 .debug_info    0x0000184f      0x35d ./src/fraquency.o
 .debug_info    0x00001bac      0x26b ./src/indikator.o
 .debug_info    0x00001e17      0x1ee ./src/iwdg.o
 .debug_info    0x00002005      0x173 ./src/main.o
 .debug_info    0x00002178      0x427 ./src/memory.o
 .debug_info    0x0000259f      0x429 ./src/signal.o
 .debug_info    0x000029c8      0x2d9 ./src/starts.o
 .debug_info    0x00002ca1      0x677 ./src/state.o
 .debug_info    0x00003318      0x1a2 ./src/status.o
 .debug_info    0x000034ba      0x76b ./src/timer.o
 .debug_info    0x00003c25      0x630 ./Periph/LCD.o
 .debug_info    0x00004255     0x1232 ./1986BE1T/MDR32F9Qx_StdPeriph_Driver/src/USB_Library/MDR32F9Qx_usb_device.o
 .debug_info    0x00005487      0x89a ./1986BE1T/MDR32F9Qx_StdPeriph_Driver/src/MDR32F9Qx_adc.o
 .debug_info    0x00005d21      0x45a ./1986BE1T/MDR32F9Qx_StdPeriph_Driver/src/MDR32F9Qx_eeprom.o
 .debug_info    0x0000617b      0x60c ./1986BE1T/MDR32F9Qx_StdPeriph_Driver/src/MDR32F9Qx_port.o
 .debug_info    0x00006787      0xcb2 ./1986BE1T/MDR32F9Qx_StdPeriph_Driver/src/MDR32F9Qx_rst_clk.o
 .debug_info    0x00007439     0x190c ./1986BE1T/MDR32F9Qx_StdPeriph_Driver/src/MDR32F9Qx_timer.o
 .debug_info    0x00008d45      0xfba ./1986BE1T/MDR32F9Qx_StdPeriph_Driver/src/MDR32F9Qx_usb.o
 .debug_info    0x00009cff       0xa3 ./1986BE1T/CMSIS/CM1/DeviceSupport/MDR1986VE1T/startup/gcc/startup_MDR1986VE1T.o
 .debug_info    0x00009da2      0x206 ./1986BE1T/CMSIS/CM1/DeviceSupport/MDR1986VE1T/startup/system_MDR1986VE1T.o
 .debug_info    0x00009fa8       0xa1 d:/program/eclipse_arm/tools/yagarto-20121222/bin/../lib/gcc/arm-none-eabi/4.7.2/thumb/v6m\libgcc.a(_udivsi3.o)
 .debug_info    0x0000a049       0xa1 d:/program/eclipse_arm/tools/yagarto-20121222/bin/../lib/gcc/arm-none-eabi/4.7.2/thumb/v6m\libgcc.a(_dvmd_tls.o)

.debug_abbrev   0x00000000     0x1f5b
 .debug_abbrev  0x00000000      0x11b ./src/adc.o
 .debug_abbrev  0x0000011b      0x22f ./src/arinc429.o
 .debug_abbrev  0x0000034a       0x47 ./src/cfg.o
 .debug_abbrev  0x00000391       0xfb ./src/controls.o
 .debug_abbrev  0x0000048c      0x102 ./src/cpu.o
 .debug_abbrev  0x0000058e      0x114 ./src/fraquency.o
 .debug_abbrev  0x000006a2       0xe7 ./src/indikator.o
 .debug_abbrev  0x00000789       0x93 ./src/iwdg.o
 .debug_abbrev  0x0000081c       0xcd ./src/main.o
 .debug_abbrev  0x000008e9      0x16c ./src/memory.o
 .debug_abbrev  0x00000a55      0x15e ./src/signal.o
 .debug_abbrev  0x00000bb3       0xf5 ./src/starts.o
 .debug_abbrev  0x00000ca8      0x188 ./src/state.o
 .debug_abbrev  0x00000e30       0x69 ./src/status.o
 .debug_abbrev  0x00000e99      0x1a8 ./src/timer.o
 .debug_abbrev  0x00001041      0x1f3 ./Periph/LCD.o
 .debug_abbrev  0x00001234      0x282 ./1986BE1T/MDR32F9Qx_StdPeriph_Driver/src/USB_Library/MDR32F9Qx_usb_device.o
 .debug_abbrev  0x000014b6      0x1c3 ./1986BE1T/MDR32F9Qx_StdPeriph_Driver/src/MDR32F9Qx_adc.o
 .debug_abbrev  0x00001679      0x160 ./1986BE1T/MDR32F9Qx_StdPeriph_Driver/src/MDR32F9Qx_eeprom.o
 .debug_abbrev  0x000017d9      0x170 ./1986BE1T/MDR32F9Qx_StdPeriph_Driver/src/MDR32F9Qx_port.o
 .debug_abbrev  0x00001949      0x179 ./1986BE1T/MDR32F9Qx_StdPeriph_Driver/src/MDR32F9Qx_rst_clk.o
 .debug_abbrev  0x00001ac2      0x17c ./1986BE1T/MDR32F9Qx_StdPeriph_Driver/src/MDR32F9Qx_timer.o
 .debug_abbrev  0x00001c3e      0x20b ./1986BE1T/MDR32F9Qx_StdPeriph_Driver/src/MDR32F9Qx_usb.o
 .debug_abbrev  0x00001e49       0x14 ./1986BE1T/CMSIS/CM1/DeviceSupport/MDR1986VE1T/startup/gcc/startup_MDR1986VE1T.o
 .debug_abbrev  0x00001e5d       0xd6 ./1986BE1T/CMSIS/CM1/DeviceSupport/MDR1986VE1T/startup/system_MDR1986VE1T.o
 .debug_abbrev  0x00001f33       0x14 d:/program/eclipse_arm/tools/yagarto-20121222/bin/../lib/gcc/arm-none-eabi/4.7.2/thumb/v6m\libgcc.a(_udivsi3.o)
 .debug_abbrev  0x00001f47       0x14 d:/program/eclipse_arm/tools/yagarto-20121222/bin/../lib/gcc/arm-none-eabi/4.7.2/thumb/v6m\libgcc.a(_dvmd_tls.o)

.debug_loc      0x00000000     0x42ac
 .debug_loc     0x00000000       0xa8 ./src/adc.o
 .debug_loc     0x000000a8      0x264 ./src/arinc429.o
 .debug_loc     0x0000030c      0x138 ./src/controls.o
 .debug_loc     0x00000444       0x90 ./src/cpu.o
 .debug_loc     0x000004d4       0xd4 ./src/fraquency.o
 .debug_loc     0x000005a8       0xa8 ./src/indikator.o
 .debug_loc     0x00000650       0x58 ./src/iwdg.o
 .debug_loc     0x000006a8       0x64 ./src/main.o
 .debug_loc     0x0000070c      0x218 ./src/memory.o
 .debug_loc     0x00000924      0x120 ./src/signal.o
 .debug_loc     0x00000a44       0x70 ./src/starts.o
 .debug_loc     0x00000ab4      0x144 ./src/state.o
 .debug_loc     0x00000bf8      0x10c ./src/timer.o
 .debug_loc     0x00000d04      0x3bc ./Periph/LCD.o
 .debug_loc     0x000010c0      0x7e4 ./1986BE1T/MDR32F9Qx_StdPeriph_Driver/src/USB_Library/MDR32F9Qx_usb_device.o
 .debug_loc     0x000018a4      0x594 ./1986BE1T/MDR32F9Qx_StdPeriph_Driver/src/MDR32F9Qx_adc.o
 .debug_loc     0x00001e38      0x230 ./1986BE1T/MDR32F9Qx_StdPeriph_Driver/src/MDR32F9Qx_eeprom.o
 .debug_loc     0x00002068      0x1fa ./1986BE1T/MDR32F9Qx_StdPeriph_Driver/src/MDR32F9Qx_port.o
 .debug_loc     0x00002262      0x7ca ./1986BE1T/MDR32F9Qx_StdPeriph_Driver/src/MDR32F9Qx_rst_clk.o
 .debug_loc     0x00002a2c      0xc40 ./1986BE1T/MDR32F9Qx_StdPeriph_Driver/src/MDR32F9Qx_timer.o
 .debug_loc     0x0000366c      0xbdc ./1986BE1T/MDR32F9Qx_StdPeriph_Driver/src/MDR32F9Qx_usb.o
 .debug_loc     0x00004248       0x64 ./1986BE1T/CMSIS/CM1/DeviceSupport/MDR1986VE1T/startup/system_MDR1986VE1T.o

.debug_aranges  0x00000000      0xca8
 .debug_aranges
                0x00000000       0x30 ./src/adc.o
 .debug_aranges
                0x00000030       0x78 ./src/arinc429.o
 .debug_aranges
                0x000000a8       0x18 ./src/cfg.o
 .debug_aranges
                0x000000c0       0x48 ./src/controls.o
 .debug_aranges
                0x00000108       0x30 ./src/cpu.o
 .debug_aranges
                0x00000138       0x38 ./src/fraquency.o
 .debug_aranges
                0x00000170       0x30 ./src/indikator.o
 .debug_aranges
                0x000001a0       0x28 ./src/iwdg.o
 .debug_aranges
                0x000001c8       0x28 ./src/main.o
 .debug_aranges
                0x000001f0       0x68 ./src/memory.o
 .debug_aranges
                0x00000258       0x48 ./src/signal.o
 .debug_aranges
                0x000002a0       0x28 ./src/starts.o
 .debug_aranges
                0x000002c8       0x48 ./src/state.o
 .debug_aranges
                0x00000310       0x18 ./src/status.o
 .debug_aranges
                0x00000328       0x40 ./src/timer.o
 .debug_aranges
                0x00000368       0xb0 ./Periph/LCD.o
 .debug_aranges
                0x00000418      0x148 ./1986BE1T/MDR32F9Qx_StdPeriph_Driver/src/USB_Library/MDR32F9Qx_usb_device.o
 .debug_aranges
                0x00000560       0xf0 ./1986BE1T/MDR32F9Qx_StdPeriph_Driver/src/MDR32F9Qx_adc.o
 .debug_aranges
                0x00000650       0x68 ./1986BE1T/MDR32F9Qx_StdPeriph_Driver/src/MDR32F9Qx_eeprom.o
 .debug_aranges
                0x000006b8       0x60 ./1986BE1T/MDR32F9Qx_StdPeriph_Driver/src/MDR32F9Qx_port.o
 .debug_aranges
                0x00000718      0x138 ./1986BE1T/MDR32F9Qx_StdPeriph_Driver/src/MDR32F9Qx_rst_clk.o
 .debug_aranges
                0x00000850      0x1d8 ./1986BE1T/MDR32F9Qx_StdPeriph_Driver/src/MDR32F9Qx_timer.o
 .debug_aranges
                0x00000a28      0x1f8 ./1986BE1T/MDR32F9Qx_StdPeriph_Driver/src/MDR32F9Qx_usb.o
 .debug_aranges
                0x00000c20       0x20 ./1986BE1T/CMSIS/CM1/DeviceSupport/MDR1986VE1T/startup/gcc/startup_MDR1986VE1T.o
 .debug_aranges
                0x00000c40       0x28 ./1986BE1T/CMSIS/CM1/DeviceSupport/MDR1986VE1T/startup/system_MDR1986VE1T.o
 .debug_aranges
                0x00000c68       0x20 d:/program/eclipse_arm/tools/yagarto-20121222/bin/../lib/gcc/arm-none-eabi/4.7.2/thumb/v6m\libgcc.a(_udivsi3.o)
 .debug_aranges
                0x00000c88       0x20 d:/program/eclipse_arm/tools/yagarto-20121222/bin/../lib/gcc/arm-none-eabi/4.7.2/thumb/v6m\libgcc.a(_dvmd_tls.o)

.debug_ranges   0x00000000      0xad0
 .debug_ranges  0x00000000       0x20 ./src/adc.o
 .debug_ranges  0x00000020       0x68 ./src/arinc429.o
 .debug_ranges  0x00000088       0x38 ./src/controls.o
 .debug_ranges  0x000000c0       0x20 ./src/cpu.o
 .debug_ranges  0x000000e0       0x28 ./src/fraquency.o
 .debug_ranges  0x00000108       0x20 ./src/indikator.o
 .debug_ranges  0x00000128       0x18 ./src/iwdg.o
 .debug_ranges  0x00000140       0x18 ./src/main.o
 .debug_ranges  0x00000158       0x58 ./src/memory.o
 .debug_ranges  0x000001b0       0x38 ./src/signal.o
 .debug_ranges  0x000001e8       0x18 ./src/starts.o
 .debug_ranges  0x00000200       0x38 ./src/state.o
 .debug_ranges  0x00000238       0x30 ./src/timer.o
 .debug_ranges  0x00000268       0xa0 ./Periph/LCD.o
 .debug_ranges  0x00000308      0x150 ./1986BE1T/MDR32F9Qx_StdPeriph_Driver/src/USB_Library/MDR32F9Qx_usb_device.o
 .debug_ranges  0x00000458       0xe0 ./1986BE1T/MDR32F9Qx_StdPeriph_Driver/src/MDR32F9Qx_adc.o
 .debug_ranges  0x00000538       0x58 ./1986BE1T/MDR32F9Qx_StdPeriph_Driver/src/MDR32F9Qx_eeprom.o
 .debug_ranges  0x00000590       0x50 ./1986BE1T/MDR32F9Qx_StdPeriph_Driver/src/MDR32F9Qx_port.o
 .debug_ranges  0x000005e0      0x128 ./1986BE1T/MDR32F9Qx_StdPeriph_Driver/src/MDR32F9Qx_rst_clk.o
 .debug_ranges  0x00000708      0x1c8 ./1986BE1T/MDR32F9Qx_StdPeriph_Driver/src/MDR32F9Qx_timer.o
 .debug_ranges  0x000008d0      0x1e8 ./1986BE1T/MDR32F9Qx_StdPeriph_Driver/src/MDR32F9Qx_usb.o
 .debug_ranges  0x00000ab8       0x18 ./1986BE1T/CMSIS/CM1/DeviceSupport/MDR1986VE1T/startup/system_MDR1986VE1T.o

.debug_macro    0x00000000     0x7ccd
 .debug_macro   0x00000000       0xd1 ./src/adc.o
 .debug_macro   0x000000d1      0x7de ./src/adc.o
 .debug_macro   0x000008af      0x214 ./src/adc.o
 .debug_macro   0x00000ac3       0x22 ./src/adc.o
 .debug_macro   0x00000ae5       0x16 ./src/adc.o
 .debug_macro   0x00000afb       0xc4 ./src/adc.o
 .debug_macro   0x00000bbf       0xa5 ./src/adc.o
 .debug_macro   0x00000c64       0x3a ./src/adc.o
 .debug_macro   0x00000c9e       0x1f ./src/adc.o
 .debug_macro   0x00000cbd      0x242 ./src/adc.o
 .debug_macro   0x00000eff     0x3ca8 ./src/adc.o
 .debug_macro   0x00004ba7      0x554 ./src/adc.o
 .debug_macro   0x000050fb       0xe5 ./src/adc.o
 .debug_macro   0x000051e0      0x336 ./src/adc.o
 .debug_macro   0x00005516      0x10b ./src/arinc429.o
 .debug_macro   0x00005621      0x130 ./src/arinc429.o
 .debug_macro   0x00005751       0x34 ./src/arinc429.o
 .debug_macro   0x00005785       0x5e ./src/arinc429.o
 .debug_macro   0x000057e3      0x424 ./src/arinc429.o
 .debug_macro   0x00005c07       0x9a ./src/arinc429.o
 .debug_macro   0x00005ca1       0x88 ./src/arinc429.o
 .debug_macro   0x00005d29       0x33 ./src/cfg.o
 .debug_macro   0x00005d5c       0x2e ./src/cfg.o
 .debug_macro   0x00005d8a       0x6d ./src/controls.o
 .debug_macro   0x00005df7       0x3a ./src/controls.o
 .debug_macro   0x00005e31       0xb4 ./src/cpu.o
 .debug_macro   0x00005ee5       0x75 ./src/fraquency.o
 .debug_macro   0x00005f5a      0x12a ./src/fraquency.o
 .debug_macro   0x00006084       0x1c ./src/fraquency.o
 .debug_macro   0x000060a0       0x55 ./src/indikator.o
 .debug_macro   0x000060f5       0x16 ./src/indikator.o
 .debug_macro   0x0000610b       0x9c ./src/iwdg.o
 .debug_macro   0x000061a7       0xc6 ./src/main.o
 .debug_macro   0x0000626d       0x10 ./src/main.o
 .debug_macro   0x0000627d       0x10 ./src/main.o
 .debug_macro   0x0000628d       0x10 ./src/main.o
 .debug_macro   0x0000629d       0xb8 ./src/memory.o
 .debug_macro   0x00006355       0x34 ./src/memory.o
 .debug_macro   0x00006389       0x6a ./src/memory.o
 .debug_macro   0x000063f3       0x73 ./src/signal.o
 .debug_macro   0x00006466       0x6b ./src/starts.o
 .debug_macro   0x000064d1       0xc2 ./src/state.o
 .debug_macro   0x00006593       0x12 ./src/state.o
 .debug_macro   0x000065a5       0x63 ./src/status.o
 .debug_macro   0x00006608       0xfa ./src/timer.o
 .debug_macro   0x00006702       0xb9 ./Periph/LCD.o
 .debug_macro   0x000067bb       0xa6 ./Periph/LCD.o
 .debug_macro   0x00006861       0xf7 ./1986BE1T/MDR32F9Qx_StdPeriph_Driver/src/USB_Library/MDR32F9Qx_usb_device.o
 .debug_macro   0x00006958      0x5df ./1986BE1T/MDR32F9Qx_StdPeriph_Driver/src/USB_Library/MDR32F9Qx_usb_device.o
 .debug_macro   0x00006f37       0x9d ./1986BE1T/MDR32F9Qx_StdPeriph_Driver/src/MDR32F9Qx_adc.o
 .debug_macro   0x00006fd4      0x330 ./1986BE1T/MDR32F9Qx_StdPeriph_Driver/src/MDR32F9Qx_adc.o
 .debug_macro   0x00007304       0xbb ./1986BE1T/MDR32F9Qx_StdPeriph_Driver/src/MDR32F9Qx_eeprom.o
 .debug_macro   0x000073bf       0x9d ./1986BE1T/MDR32F9Qx_StdPeriph_Driver/src/MDR32F9Qx_port.o
 .debug_macro   0x0000745c       0xdf ./1986BE1T/MDR32F9Qx_StdPeriph_Driver/src/MDR32F9Qx_port.o
 .debug_macro   0x0000753b      0x1a1 ./1986BE1T/MDR32F9Qx_StdPeriph_Driver/src/MDR32F9Qx_rst_clk.o
 .debug_macro   0x000076dc       0x9d ./1986BE1T/MDR32F9Qx_StdPeriph_Driver/src/MDR32F9Qx_timer.o
 .debug_macro   0x00007779      0x41e ./1986BE1T/MDR32F9Qx_StdPeriph_Driver/src/MDR32F9Qx_timer.o
 .debug_macro   0x00007b97       0xb2 ./1986BE1T/MDR32F9Qx_StdPeriph_Driver/src/MDR32F9Qx_usb.o
 .debug_macro   0x00007c49       0x84 ./1986BE1T/CMSIS/CM1/DeviceSupport/MDR1986VE1T/startup/system_MDR1986VE1T.o

.debug_line     0x00000000     0x6504
 .debug_line    0x00000000      0x3f9 ./src/adc.o
 .debug_line    0x000003f9      0x4cd ./src/arinc429.o
 .debug_line    0x000008c6      0x104 ./src/cfg.o
 .debug_line    0x000009ca      0x1e6 ./src/controls.o
 .debug_line    0x00000bb0      0x379 ./src/cpu.o
 .debug_line    0x00000f29      0x23a ./src/fraquency.o
 .debug_line    0x00001163      0x182 ./src/indikator.o
 .debug_line    0x000012e5      0x32a ./src/iwdg.o
 .debug_line    0x0000160f      0x226 ./src/main.o
 .debug_line    0x00001835      0x441 ./src/memory.o
 .debug_line    0x00001c76      0x227 ./src/signal.o
 .debug_line    0x00001e9d      0x1b6 ./src/starts.o
 .debug_line    0x00002053      0x455 ./src/state.o
 .debug_line    0x000024a8      0x13d ./src/status.o
 .debug_line    0x000025e5      0x3ed ./src/timer.o
 .debug_line    0x000029d2      0x559 ./Periph/LCD.o
 .debug_line    0x00002f2b      0x9a7 ./1986BE1T/MDR32F9Qx_StdPeriph_Driver/src/USB_Library/MDR32F9Qx_usb_device.o
 .debug_line    0x000038d2      0x593 ./1986BE1T/MDR32F9Qx_StdPeriph_Driver/src/MDR32F9Qx_adc.o
 .debug_line    0x00003e65      0x611 ./1986BE1T/MDR32F9Qx_StdPeriph_Driver/src/MDR32F9Qx_eeprom.o
 .debug_line    0x00004476      0x41f ./1986BE1T/MDR32F9Qx_StdPeriph_Driver/src/MDR32F9Qx_port.o
 .debug_line    0x00004895      0x743 ./1986BE1T/MDR32F9Qx_StdPeriph_Driver/src/MDR32F9Qx_rst_clk.o
 .debug_line    0x00004fd8      0x87a ./1986BE1T/MDR32F9Qx_StdPeriph_Driver/src/MDR32F9Qx_timer.o
 .debug_line    0x00005852      0x7ae ./1986BE1T/MDR32F9Qx_StdPeriph_Driver/src/MDR32F9Qx_usb.o
 .debug_line    0x00006000       0xad ./1986BE1T/CMSIS/CM1/DeviceSupport/MDR1986VE1T/startup/gcc/startup_MDR1986VE1T.o
 .debug_line    0x000060ad      0x371 ./1986BE1T/CMSIS/CM1/DeviceSupport/MDR1986VE1T/startup/system_MDR1986VE1T.o
 .debug_line    0x0000641e       0x7f d:/program/eclipse_arm/tools/yagarto-20121222/bin/../lib/gcc/arm-none-eabi/4.7.2/thumb/v6m\libgcc.a(_udivsi3.o)
 .debug_line    0x0000649d       0x67 d:/program/eclipse_arm/tools/yagarto-20121222/bin/../lib/gcc/arm-none-eabi/4.7.2/thumb/v6m\libgcc.a(_dvmd_tls.o)

.debug_str      0x00000000    0x2afe2
 .debug_str     0x00000000    0x1d1e8 ./src/adc.o
                              0x1d2a6 (size before relaxing)
 .debug_str     0x0001d1e8     0x4e76 ./src/arinc429.o
                              0x1f41c (size before relaxing)
 .debug_str     0x0002205e       0x1d ./src/cfg.o
                               0x2ab7 (size before relaxing)
 .debug_str     0x0002207b      0x48a ./src/controls.o
                               0x3a88 (size before relaxing)
 .debug_str     0x00022505      0x16d ./src/cpu.o
                              0x1a6c1 (size before relaxing)
 .debug_str     0x00022672      0x1be ./src/fraquency.o
                               0x3c81 (size before relaxing)
 .debug_str     0x00022830      0x1a0 ./src/indikator.o
                               0x3856 (size before relaxing)
 .debug_str     0x000229d0       0xc7 ./src/iwdg.o
                              0x178f9 (size before relaxing)
 .debug_str     0x00022a97       0xad ./src/main.o
                               0x3f01 (size before relaxing)
 .debug_str     0x00022b44      0x4e6 ./src/memory.o
                              0x17f71 (size before relaxing)
 .debug_str     0x0002302a      0x111 ./src/signal.o
                               0x3d10 (size before relaxing)
 .debug_str     0x0002313b      0x14b ./src/starts.o
                               0x3ac4 (size before relaxing)
 .debug_str     0x00023286      0x2e0 ./src/state.o
                              0x1bd50 (size before relaxing)
 .debug_str     0x00023566       0x10 ./src/status.o
                               0x38be (size before relaxing)
 .debug_str     0x00023576       0xf0 ./src/timer.o
                              0x1eb4b (size before relaxing)
 .debug_str     0x00023666      0x76a ./Periph/LCD.o
                              0x1800e (size before relaxing)
 .debug_str     0x00023dd0     0x4fd8 ./1986BE1T/MDR32F9Qx_StdPeriph_Driver/src/USB_Library/MDR32F9Qx_usb_device.o
                              0x1f70a (size before relaxing)
 .debug_str     0x00028da8      0x448 ./1986BE1T/MDR32F9Qx_StdPeriph_Driver/src/MDR32F9Qx_adc.o
                              0x19e54 (size before relaxing)
 .debug_str     0x000291f0      0x24c ./1986BE1T/MDR32F9Qx_StdPeriph_Driver/src/MDR32F9Qx_eeprom.o
                              0x17d7f (size before relaxing)
 .debug_str     0x0002943c      0x1a4 ./1986BE1T/MDR32F9Qx_StdPeriph_Driver/src/MDR32F9Qx_port.o
                              0x1844f (size before relaxing)
 .debug_str     0x000295e0      0xc12 ./1986BE1T/MDR32F9Qx_StdPeriph_Driver/src/MDR32F9Qx_rst_clk.o
                              0x1b17d (size before relaxing)
 .debug_str     0x0002a1f2      0x898 ./1986BE1T/MDR32F9Qx_StdPeriph_Driver/src/MDR32F9Qx_timer.o
                              0x1b6a4 (size before relaxing)
 .debug_str     0x0002aa8a      0x4da ./1986BE1T/MDR32F9Qx_StdPeriph_Driver/src/MDR32F9Qx_usb.o
                              0x1e567 (size before relaxing)
 .debug_str     0x0002af64       0x7e ./1986BE1T/CMSIS/CM1/DeviceSupport/MDR1986VE1T/startup/system_MDR1986VE1T.o
                              0x178dc (size before relaxing)

.comment        0x00000000       0x11
 .comment       0x00000000       0x11 ./src/adc.o
                                 0x12 (size before relaxing)
 .comment       0x00000000       0x12 ./src/arinc429.o
 .comment       0x00000000       0x12 ./src/cfg.o
 .comment       0x00000000       0x12 ./src/controls.o
 .comment       0x00000000       0x12 ./src/cpu.o
 .comment       0x00000000       0x12 ./src/fraquency.o
 .comment       0x00000000       0x12 ./src/indikator.o
 .comment       0x00000000       0x12 ./src/iwdg.o
 .comment       0x00000000       0x12 ./src/main.o
 .comment       0x00000000       0x12 ./src/memory.o
 .comment       0x00000000       0x12 ./src/signal.o
 .comment       0x00000000       0x12 ./src/starts.o
 .comment       0x00000000       0x12 ./src/state.o
 .comment       0x00000000       0x12 ./src/status.o
 .comment       0x00000000       0x12 ./src/timer.o
 .comment       0x00000000       0x12 ./Periph/LCD.o
 .comment       0x00000000       0x12 ./1986BE1T/MDR32F9Qx_StdPeriph_Driver/src/USB_Library/MDR32F9Qx_usb_device.o
 .comment       0x00000000       0x12 ./1986BE1T/MDR32F9Qx_StdPeriph_Driver/src/MDR32F9Qx_adc.o
 .comment       0x00000000       0x12 ./1986BE1T/MDR32F9Qx_StdPeriph_Driver/src/MDR32F9Qx_eeprom.o
 .comment       0x00000000       0x12 ./1986BE1T/MDR32F9Qx_StdPeriph_Driver/src/MDR32F9Qx_port.o
 .comment       0x00000000       0x12 ./1986BE1T/MDR32F9Qx_StdPeriph_Driver/src/MDR32F9Qx_rst_clk.o
 .comment       0x00000000       0x12 ./1986BE1T/MDR32F9Qx_StdPeriph_Driver/src/MDR32F9Qx_timer.o
 .comment       0x00000000       0x12 ./1986BE1T/MDR32F9Qx_StdPeriph_Driver/src/MDR32F9Qx_usb.o
 .comment       0x00000000       0x12 ./1986BE1T/CMSIS/CM1/DeviceSupport/MDR1986VE1T/startup/system_MDR1986VE1T.o

.ARM.attributes
                0x00000000       0x2f
 .ARM.attributes
                0x00000000       0x31 ./src/adc.o
 .ARM.attributes
                0x00000031       0x31 ./src/arinc429.o
 .ARM.attributes
                0x00000062       0x31 ./src/cfg.o
 .ARM.attributes
                0x00000093       0x31 ./src/controls.o
 .ARM.attributes
                0x000000c4       0x31 ./src/cpu.o
 .ARM.attributes
                0x000000f5       0x31 ./src/fraquency.o
 .ARM.attributes
                0x00000126       0x31 ./src/indikator.o
 .ARM.attributes
                0x00000157       0x31 ./src/iwdg.o
 .ARM.attributes
                0x00000188       0x31 ./src/main.o
 .ARM.attributes
                0x000001b9       0x31 ./src/memory.o
 .ARM.attributes
                0x000001ea       0x31 ./src/signal.o
 .ARM.attributes
                0x0000021b       0x31 ./src/starts.o
 .ARM.attributes
                0x0000024c       0x31 ./src/state.o
 .ARM.attributes
                0x0000027d       0x31 ./src/status.o
 .ARM.attributes
                0x000002ae       0x31 ./src/timer.o
 .ARM.attributes
                0x000002df       0x31 ./Periph/LCD.o
 .ARM.attributes
                0x00000310       0x31 ./1986BE1T/MDR32F9Qx_StdPeriph_Driver/src/USB_Library/MDR32F9Qx_usb_device.o
 .ARM.attributes
                0x00000341       0x31 ./1986BE1T/MDR32F9Qx_StdPeriph_Driver/src/MDR32F9Qx_adc.o
 .ARM.attributes
                0x00000372       0x31 ./1986BE1T/MDR32F9Qx_StdPeriph_Driver/src/MDR32F9Qx_eeprom.o
 .ARM.attributes
                0x000003a3       0x31 ./1986BE1T/MDR32F9Qx_StdPeriph_Driver/src/MDR32F9Qx_port.o
 .ARM.attributes
                0x000003d4       0x31 ./1986BE1T/MDR32F9Qx_StdPeriph_Driver/src/MDR32F9Qx_rst_clk.o
 .ARM.attributes
                0x00000405       0x31 ./1986BE1T/MDR32F9Qx_StdPeriph_Driver/src/MDR32F9Qx_timer.o
 .ARM.attributes
                0x00000436       0x31 ./1986BE1T/MDR32F9Qx_StdPeriph_Driver/src/MDR32F9Qx_usb.o
 .ARM.attributes
                0x00000467       0x1b ./1986BE1T/CMSIS/CM1/DeviceSupport/MDR1986VE1T/startup/gcc/startup_MDR1986VE1T.o
 .ARM.attributes
                0x00000482       0x31 ./1986BE1T/CMSIS/CM1/DeviceSupport/MDR1986VE1T/startup/system_MDR1986VE1T.o
 .ARM.attributes
                0x000004b3       0x1d d:/program/eclipse_arm/tools/yagarto-20121222/bin/../lib/gcc/arm-none-eabi/4.7.2/thumb/v6m\libgcc.a(_udivsi3.o)
 .ARM.attributes
                0x000004d0       0x1d d:/program/eclipse_arm/tools/yagarto-20121222/bin/../lib/gcc/arm-none-eabi/4.7.2/thumb/v6m\libgcc.a(_dvmd_tls.o)

.debug_frame    0x00000000     0x2878
 .debug_frame   0x00000000       0x70 ./src/adc.o
 .debug_frame   0x00000070      0x17c ./src/arinc429.o
 .debug_frame   0x000001ec       0xc8 ./src/controls.o
 .debug_frame   0x000002b4       0x68 ./src/cpu.o
 .debug_frame   0x0000031c       0x8c ./src/fraquency.o
 .debug_frame   0x000003a8       0x70 ./src/indikator.o
 .debug_frame   0x00000418       0x48 ./src/iwdg.o
 .debug_frame   0x00000460       0x4c ./src/main.o
 .debug_frame   0x000004ac      0x148 ./src/memory.o
 .debug_frame   0x000005f4       0xc0 ./src/signal.o
 .debug_frame   0x000006b4       0x50 ./src/starts.o
 .debug_frame   0x00000704       0xd0 ./src/state.o
 .debug_frame   0x000007d4       0xac ./src/timer.o
 .debug_frame   0x00000880      0x24c ./Periph/LCD.o
 .debug_frame   0x00000acc      0x4b0 ./1986BE1T/MDR32F9Qx_StdPeriph_Driver/src/USB_Library/MDR32F9Qx_usb_device.o
 .debug_frame   0x00000f7c      0x354 ./1986BE1T/MDR32F9Qx_StdPeriph_Driver/src/MDR32F9Qx_adc.o
 .debug_frame   0x000012d0      0x150 ./1986BE1T/MDR32F9Qx_StdPeriph_Driver/src/MDR32F9Qx_eeprom.o
 .debug_frame   0x00001420      0x130 ./1986BE1T/MDR32F9Qx_StdPeriph_Driver/src/MDR32F9Qx_port.o
 .debug_frame   0x00001550      0x488 ./1986BE1T/MDR32F9Qx_StdPeriph_Driver/src/MDR32F9Qx_rst_clk.o
 .debug_frame   0x000019d8      0x710 ./1986BE1T/MDR32F9Qx_StdPeriph_Driver/src/MDR32F9Qx_timer.o
 .debug_frame   0x000020e8      0x724 ./1986BE1T/MDR32F9Qx_StdPeriph_Driver/src/MDR32F9Qx_usb.o
 .debug_frame   0x0000280c       0x4c ./1986BE1T/CMSIS/CM1/DeviceSupport/MDR1986VE1T/startup/system_MDR1986VE1T.o
 .debug_frame   0x00002858       0x20 d:/program/eclipse_arm/tools/yagarto-20121222/bin/../lib/gcc/arm-none-eabi/4.7.2/thumb/v6m\libgcc.a(_udivsi3.o)
